#! /usr/local/bin/vvp
:ivl_version "13.0 (stable)" "(v13_0-dirty)";
:ivl_delay_selection "TYPICAL";
:vpi_time_precision + 0;
:vpi_module "/usr/local/lib/ivl/system.vpi";
:vpi_module "/usr/local/lib/ivl/vhdl_sys.vpi";
:vpi_module "/usr/local/lib/ivl/vhdl_textio.vpi";
:vpi_module "/usr/local/lib/ivl/v2005_math.vpi";
:vpi_module "/usr/local/lib/ivl/va_math.vpi";
:vpi_module "/usr/local/lib/ivl/v2009.vpi";
S_0x58cb55641cc0 .scope package, "$unit" "$unit" 2 1;
 .timescale 0 0;
S_0x58cb55641900 .scope module, "tb" "tb" 3 1;
 .timescale 0 0;
L_0x7a8bd7cce018 .functor BUFT 1, C4<00000000000000000000000000000000>, C4<0>, C4<0>, C4<0>;
RS_0x7a8bd8089188 .resolv tri, L_0x7a8bd7cce018, L_0x58cb556b5ab0;
v0x58cb556a0820 .array "R", 31 0;
v0x58cb556a0820_0 .net8 v0x58cb556a0820 0, 31 0, RS_0x7a8bd8089188; 2 drivers
v0x58cb556a0820_1 .net v0x58cb556a0820 1, 31 0, L_0x58cb556b5a10; 1 drivers
v0x58cb556a0820_2 .net v0x58cb556a0820 2, 31 0, L_0x58cb556b5850; 1 drivers
v0x58cb556a0820_3 .net v0x58cb556a0820 3, 31 0, L_0x58cb556b57b0; 1 drivers
v0x58cb556a0820_4 .net v0x58cb556a0820 4, 31 0, L_0x58cb556b5600; 1 drivers
v0x58cb556a0820_5 .net v0x58cb556a0820 5, 31 0, L_0x58cb556b5560; 1 drivers
v0x58cb556a0820_6 .net v0x58cb556a0820 6, 31 0, L_0x58cb556b53c0; 1 drivers
v0x58cb556a0820_7 .net v0x58cb556a0820 7, 31 0, L_0x58cb556b5320; 1 drivers
v0x58cb556a0820_8 .net v0x58cb556a0820 8, 31 0, L_0x58cb556b5190; 1 drivers
v0x58cb556a0820_9 .net v0x58cb556a0820 9, 31 0, L_0x58cb556b50f0; 1 drivers
v0x58cb556a0820_10 .net v0x58cb556a0820 10, 31 0, L_0x58cb556b4f70; 1 drivers
v0x58cb556a0820_11 .net v0x58cb556a0820 11, 31 0, L_0x58cb556b4ed0; 1 drivers
v0x58cb556a0820_12 .net v0x58cb556a0820 12, 31 0, L_0x58cb556b4d60; 1 drivers
v0x58cb556a0820_13 .net v0x58cb556a0820 13, 31 0, L_0x58cb556b4cc0; 1 drivers
v0x58cb556a0820_14 .net v0x58cb556a0820 14, 31 0, L_0x58cb556b4b60; 1 drivers
v0x58cb556a0820_15 .net v0x58cb556a0820 15, 31 0, L_0x58cb556b48d0; 1 drivers
v0x58cb556a0820_16 .net v0x58cb556a0820 16, 31 0, L_0x58cb556b4a10; 1 drivers
v0x58cb556a0820_17 .net v0x58cb556a0820 17, 31 0, L_0x58cb556b4970; 1 drivers
v0x58cb556a0820_18 .net v0x58cb556a0820 18, 31 0, L_0x58cb556b4830; 1 drivers
v0x58cb556a0820_19 .net v0x58cb556a0820 19, 31 0, L_0x58cb556b4790; 1 drivers
v0x58cb556a0820_20 .net v0x58cb556a0820 20, 31 0, L_0x58cb556b4660; 1 drivers
v0x58cb556a0820_21 .net v0x58cb556a0820 21, 31 0, L_0x58cb556b45c0; 1 drivers
v0x58cb556a0820_22 .net v0x58cb556a0820 22, 31 0, L_0x58cb556b44a0; 1 drivers
v0x58cb556a0820_23 .net v0x58cb556a0820 23, 31 0, L_0x58cb556b4400; 1 drivers
v0x58cb556a0820_24 .net v0x58cb556a0820 24, 31 0, L_0x58cb556b41e0; 1 drivers
v0x58cb556a0820_25 .net v0x58cb556a0820 25, 31 0, L_0x58cb556b4140; 1 drivers
v0x58cb556a0820_26 .net v0x58cb556a0820 26, 31 0, L_0x58cb556b4040; 1 drivers
v0x58cb556a0820_27 .net v0x58cb556a0820 27, 31 0, L_0x58cb556b3fa0; 1 drivers
v0x58cb556a0820_28 .net v0x58cb556a0820 28, 31 0, L_0x58cb556b3e20; 1 drivers
v0x58cb556a0820_29 .net v0x58cb556a0820 29, 31 0, L_0x58cb556b3d80; 1 drivers
v0x58cb556a0820_30 .net v0x58cb556a0820 30, 31 0, L_0x58cb556b3c50; 1 drivers
v0x58cb556a0820_31 .net v0x58cb556a0820 31, 31 0, L_0x58cb556b3bb0; 1 drivers
v0x58cb556a1300_0 .var "clk", 0 0;
v0x58cb556a13c0_0 .var "data_addr", 31 0;
v0x58cb556a1460 .array "data_mem", 511 0, 31 0;
v0x58cb556a1520_0 .var/i "fail_flag", 31 0;
v0x58cb556a1650_0 .var/i "i", 31 0;
v0x58cb556a1730_0 .var "inst_imm", 15 0;
v0x58cb556a1810_0 .var "inst_imm_sext", 31 0;
v0x58cb556a18f0_0 .var "inst_rd", 4 0;
v0x58cb556a19d0_0 .var "inst_reg", 31 0;
v0x58cb556a1ab0_0 .var "inst_rs", 4 0;
v0x58cb556a1b90_0 .var "inst_rt", 4 0;
v0x58cb556a1c70 .array "instructions", 511 0, 31 0;
v0x58cb556a1d30_0 .var "ipc", 8 0;
v0x58cb556a1e10 .array "ireg", 31 0, 31 0;
v0x58cb556a1ed0_0 .var/i "j", 31 0;
v0x58cb556a1fb0_0 .var/i "last_instr", 31 0;
v0x58cb556a21a0_0 .net "m_data_addr", 31 0, L_0x58cb556b2be0;  1 drivers
v0x58cb556a2260_0 .var "m_data_in", 31 0;
v0x58cb556a2300_0 .net "m_data_out", 31 0, L_0x58cb556b2e80;  1 drivers
v0x58cb556a23a0_0 .net "m_data_write", 0 0, L_0x58cb556b2d70;  1 drivers
v0x58cb556a2440_0 .net "m_instr_addr", 31 0, L_0x58cb556b2960;  1 drivers
v0x58cb556a24e0_0 .var "m_instr_in", 31 0;
v0x58cb556a2580 .array "output_store", 9 0, 31 0;
v0x58cb556a2620_0 .var "rst", 0 0;
v0x58cb556a26c0_0 .var "val_rs", 31 0;
v0x58cb556a2780_0 .var "val_rt", 31 0;
E_0x58cb555d4720 .event anyedge, v0x58cb5569b640_0;
E_0x58cb555d57d0 .event anyedge, v0x58cb5569b980_0;
S_0x58cb55666cf0 .scope function.vec4.s32, "ITYPE" "ITYPE" 3 33, 3 33 0, S_0x58cb55641900;
 .timescale 0 0;
; Variable ITYPE is vec4 return value of scope S_0x58cb55666cf0
v0x58cb55691db0_0 .var "imm", 15 0;
v0x58cb55691e90_0 .var "opcode", 5 0;
v0x58cb55691f50_0 .var "rs", 4 0;
v0x58cb55692030_0 .var "rt", 4 0;
TD_tb.ITYPE ;
    %load/vec4 v0x58cb55691e90_0;
    %load/vec4 v0x58cb55691f50_0;
    %concat/vec4; draw_concat_vec4
    %load/vec4 v0x58cb55692030_0;
    %concat/vec4; draw_concat_vec4
    %load/vec4 v0x58cb55691db0_0;
    %concat/vec4; draw_concat_vec4
    %ret/vec4 0, 0, 32;  Assign to ITYPE (store_vec4_to_lval)
    %end;
S_0x58cb55692160 .scope function.vec4.s32, "JTYPE" "JTYPE" 3 42, 3 42 0, S_0x58cb55641900;
 .timescale 0 0;
; Variable JTYPE is vec4 return value of scope S_0x58cb55692160
v0x58cb55692440_0 .var "addr", 25 0;
v0x58cb55692520_0 .var "opcode", 5 0;
TD_tb.JTYPE ;
    %load/vec4 v0x58cb55692520_0;
    %load/vec4 v0x58cb55692440_0;
    %concat/vec4; draw_concat_vec4
    %ret/vec4 0, 0, 32;  Assign to JTYPE (store_vec4_to_lval)
    %end;
S_0x58cb556925e0 .scope function.vec4.s32, "RTYPE" "RTYPE" 3 25, 3 25 0, S_0x58cb55641900;
 .timescale 0 0;
; Variable RTYPE is vec4 return value of scope S_0x58cb556925e0
v0x58cb556928a0_0 .var "funct", 5 0;
v0x58cb55692980_0 .var "rd", 4 0;
v0x58cb55692a40_0 .var "rs", 4 0;
v0x58cb55692b20_0 .var "rt", 4 0;
v0x58cb55692c50_0 .var "shamt", 4 0;
TD_tb.RTYPE ;
    %pushi/vec4 0, 0, 6;
    %load/vec4 v0x58cb55692a40_0;
    %concat/vec4; draw_concat_vec4
    %load/vec4 v0x58cb55692b20_0;
    %concat/vec4; draw_concat_vec4
    %load/vec4 v0x58cb55692980_0;
    %concat/vec4; draw_concat_vec4
    %load/vec4 v0x58cb55692c50_0;
    %concat/vec4; draw_concat_vec4
    %load/vec4 v0x58cb556928a0_0;
    %concat/vec4; draw_concat_vec4
    %ret/vec4 0, 0, 32;  Assign to RTYPE (store_vec4_to_lval)
    %end;
S_0x58cb55692d30 .scope module, "_main" "main" 3 165, 4 172 0, S_0x58cb55641900;
 .timescale 0 0;
    .port_info 0 /INPUT 1 "Clk";
    .port_info 1 /INPUT 1 "Rst";
    .port_info 2 /INPUT 32 "InstrIn";
    .port_info 3 /INPUT 32 "DataIn";
    .port_info 4 /OUTPUT 32 "InstrAddr";
    .port_info 5 /OUTPUT 32 "DataAddr";
    .port_info 6 /OUTPUT 1 "DataWrite";
    .port_info 7 /OUTPUT 32 "DataOut";
    .port_info 8 /OUTPUT 32 "R0";
    .port_info 9 /OUTPUT 32 "R1";
    .port_info 10 /OUTPUT 32 "R2";
    .port_info 11 /OUTPUT 32 "R3";
    .port_info 12 /OUTPUT 32 "R4";
    .port_info 13 /OUTPUT 32 "R5";
    .port_info 14 /OUTPUT 32 "R6";
    .port_info 15 /OUTPUT 32 "R7";
    .port_info 16 /OUTPUT 32 "R8";
    .port_info 17 /OUTPUT 32 "R9";
    .port_info 18 /OUTPUT 32 "R10";
    .port_info 19 /OUTPUT 32 "R11";
    .port_info 20 /OUTPUT 32 "R12";
    .port_info 21 /OUTPUT 32 "R13";
    .port_info 22 /OUTPUT 32 "R14";
    .port_info 23 /OUTPUT 32 "R15";
    .port_info 24 /OUTPUT 32 "R16";
    .port_info 25 /OUTPUT 32 "R17";
    .port_info 26 /OUTPUT 32 "R18";
    .port_info 27 /OUTPUT 32 "R19";
    .port_info 28 /OUTPUT 32 "R20";
    .port_info 29 /OUTPUT 32 "R21";
    .port_info 30 /OUTPUT 32 "R22";
    .port_info 31 /OUTPUT 32 "R23";
    .port_info 32 /OUTPUT 32 "R24";
    .port_info 33 /OUTPUT 32 "R25";
    .port_info 34 /OUTPUT 32 "R26";
    .port_info 35 /OUTPUT 32 "R27";
    .port_info 36 /OUTPUT 32 "R28";
    .port_info 37 /OUTPUT 32 "R29";
    .port_info 38 /OUTPUT 32 "R30";
    .port_info 39 /OUTPUT 32 "R31";
L_0x58cb55682b20 .functor BUFZ 32, v0x58cb556a24e0_0, C4<00000000000000000000000000000000>, C4<00000000000000000000000000000000>, C4<00000000000000000000000000000000>;
L_0x58cb556b2d70 .functor BUFZ 1, v0x58cb55696cf0_0, C4<0>, C4<0>, C4<0>;
L_0x58cb556b2e80 .functor BUFZ 32, L_0x58cb556b3af0, C4<00000000000000000000000000000000>, C4<00000000000000000000000000000000>, C4<00000000000000000000000000000000>;
v0x58cb5569b580_0 .net "Clk", 0 0, v0x58cb556a1300_0;  1 drivers
v0x58cb5569b640_0 .net "DataAddr", 31 0, L_0x58cb556b2be0;  alias, 1 drivers
v0x58cb5569b720_0 .net "DataIn", 31 0, v0x58cb556a2260_0;  1 drivers
v0x58cb5569b7e0_0 .net "DataOut", 31 0, L_0x58cb556b2e80;  alias, 1 drivers
v0x58cb5569b8c0_0 .net "DataWrite", 0 0, L_0x58cb556b2d70;  alias, 1 drivers
v0x58cb5569b980_0 .net "InstrAddr", 31 0, L_0x58cb556b2960;  alias, 1 drivers
v0x58cb5569ba60_0 .net "InstrIn", 31 0, v0x58cb556a24e0_0;  1 drivers
v0x58cb5569bb40_0 .net8 "R0", 31 0, RS_0x7a8bd8089188;  alias, 2 drivers
v0x58cb5569bc00_0 .net "R1", 31 0, L_0x58cb556b5a10;  alias, 1 drivers
v0x58cb5569bd60_0 .net "R10", 31 0, L_0x58cb556b4f70;  alias, 1 drivers
v0x58cb5569be30_0 .net "R11", 31 0, L_0x58cb556b4ed0;  alias, 1 drivers
v0x58cb5569bf00_0 .net "R12", 31 0, L_0x58cb556b4d60;  alias, 1 drivers
v0x58cb5569bfd0_0 .net "R13", 31 0, L_0x58cb556b4cc0;  alias, 1 drivers
v0x58cb5569c0a0_0 .net "R14", 31 0, L_0x58cb556b4b60;  alias, 1 drivers
v0x58cb5569c170_0 .net "R15", 31 0, L_0x58cb556b48d0;  alias, 1 drivers
v0x58cb5569c240_0 .net "R16", 31 0, L_0x58cb556b4a10;  alias, 1 drivers
v0x58cb5569c310_0 .net "R17", 31 0, L_0x58cb556b4970;  alias, 1 drivers
v0x58cb5569c4f0_0 .net "R18", 31 0, L_0x58cb556b4830;  alias, 1 drivers
v0x58cb5569c5c0_0 .net "R19", 31 0, L_0x58cb556b4790;  alias, 1 drivers
v0x58cb5569c690_0 .net "R2", 31 0, L_0x58cb556b5850;  alias, 1 drivers
v0x58cb5569c760_0 .net "R20", 31 0, L_0x58cb556b4660;  alias, 1 drivers
v0x58cb5569c830_0 .net "R21", 31 0, L_0x58cb556b45c0;  alias, 1 drivers
v0x58cb5569c900_0 .net "R22", 31 0, L_0x58cb556b44a0;  alias, 1 drivers
v0x58cb5569c9d0_0 .net "R23", 31 0, L_0x58cb556b4400;  alias, 1 drivers
v0x58cb5569caa0_0 .net "R24", 31 0, L_0x58cb556b41e0;  alias, 1 drivers
v0x58cb5569cb70_0 .net "R25", 31 0, L_0x58cb556b4140;  alias, 1 drivers
v0x58cb5569cc40_0 .net "R26", 31 0, L_0x58cb556b4040;  alias, 1 drivers
v0x58cb5569cd10_0 .net "R27", 31 0, L_0x58cb556b3fa0;  alias, 1 drivers
v0x58cb5569cde0_0 .net "R28", 31 0, L_0x58cb556b3e20;  alias, 1 drivers
v0x58cb5569ceb0_0 .net "R29", 31 0, L_0x58cb556b3d80;  alias, 1 drivers
v0x58cb5569cf80_0 .net "R3", 31 0, L_0x58cb556b57b0;  alias, 1 drivers
v0x58cb5569d050_0 .net "R30", 31 0, L_0x58cb556b3c50;  alias, 1 drivers
v0x58cb5569d120_0 .net "R31", 31 0, L_0x58cb556b3bb0;  alias, 1 drivers
v0x58cb5569d400_0 .net "R4", 31 0, L_0x58cb556b5600;  alias, 1 drivers
v0x58cb5569d4d0_0 .net "R5", 31 0, L_0x58cb556b5560;  alias, 1 drivers
v0x58cb5569d5a0_0 .net "R6", 31 0, L_0x58cb556b53c0;  alias, 1 drivers
v0x58cb5569d670_0 .net "R7", 31 0, L_0x58cb556b5320;  alias, 1 drivers
v0x58cb5569d740_0 .net "R8", 31 0, L_0x58cb556b5190;  alias, 1 drivers
v0x58cb5569d810_0 .net "R9", 31 0, L_0x58cb556b50f0;  alias, 1 drivers
v0x58cb5569d8e0_0 .net "Rst", 0 0, v0x58cb556a2620_0;  1 drivers
v0x58cb5569d9b0_0 .net *"_ivl_10", 29 0, L_0x58cb556b2af0;  1 drivers
L_0x7a8bd7cce0a8 .functor BUFT 1, C4<00>, C4<0>, C4<0>, C4<0>;
v0x58cb5569da50_0 .net *"_ivl_12", 1 0, L_0x7a8bd7cce0a8;  1 drivers
L_0x7a8bd7cce0f0 .functor BUFT 1, C4<11111>, C4<0>, C4<0>, C4<0>;
v0x58cb5569db30_0 .net/2u *"_ivl_22", 4 0, L_0x7a8bd7cce0f0;  1 drivers
v0x58cb5569dc10_0 .net *"_ivl_25", 4 0, L_0x58cb556b3160;  1 drivers
v0x58cb5569dcf0_0 .net *"_ivl_27", 4 0, L_0x58cb556b3200;  1 drivers
v0x58cb5569ddd0_0 .net *"_ivl_28", 4 0, L_0x58cb556b32f0;  1 drivers
v0x58cb5569deb0_0 .net *"_ivl_37", 0 0, L_0x58cb556b6270;  1 drivers
v0x58cb5569df90_0 .net *"_ivl_39", 15 0, L_0x58cb556b6310;  1 drivers
v0x58cb5569e070_0 .net *"_ivl_4", 29 0, L_0x58cb556b28c0;  1 drivers
v0x58cb5569e150_0 .net *"_ivl_41", 15 0, L_0x58cb556b63b0;  1 drivers
L_0x7a8bd7cce2e8 .functor BUFT 1, C4<10>, C4<0>, C4<0>, C4<0>;
v0x58cb5569e230_0 .net/2u *"_ivl_48", 1 0, L_0x7a8bd7cce2e8;  1 drivers
v0x58cb5569e310_0 .net *"_ivl_50", 0 0, L_0x58cb556b7530;  1 drivers
L_0x7a8bd7cce330 .functor BUFT 1, C4<00000000000000000000000000000100>, C4<0>, C4<0>, C4<0>;
v0x58cb5569e3d0_0 .net/2u *"_ivl_52", 31 0, L_0x7a8bd7cce330;  1 drivers
v0x58cb5569e4b0_0 .net *"_ivl_54", 31 0, L_0x58cb556b7670;  1 drivers
L_0x7a8bd7cce378 .functor BUFT 1, C4<01>, C4<0>, C4<0>, C4<0>;
v0x58cb5569e590_0 .net/2u *"_ivl_56", 1 0, L_0x7a8bd7cce378;  1 drivers
v0x58cb5569e670_0 .net *"_ivl_58", 0 0, L_0x58cb556b7490;  1 drivers
L_0x7a8bd7cce060 .functor BUFT 1, C4<00>, C4<0>, C4<0>, C4<0>;
v0x58cb5569e730_0 .net *"_ivl_6", 1 0, L_0x7a8bd7cce060;  1 drivers
v0x58cb5569e810_0 .net *"_ivl_60", 31 0, L_0x58cb556b7860;  1 drivers
v0x58cb5569e8f0_0 .net "aluOp", 3 0, v0x58cb556965c0_0;  1 drivers
v0x58cb5569e9b0_0 .net "aluResult", 31 0, v0x58cb55695fd0_0;  1 drivers
v0x58cb5569ea70_0 .net "aluSrc", 0 0, v0x58cb556966d0_0;  1 drivers
v0x58cb5569eb40_0 .net "branch", 0 0, v0x58cb55696770_0;  1 drivers
v0x58cb5569ec30_0 .net "immExt", 31 0, L_0x58cb556b6450;  1 drivers
v0x58cb5569ecd0_0 .net "instr", 31 0, L_0x58cb55682b20;  1 drivers
v0x58cb5569ed70_0 .net "jal", 0 0, v0x58cb55696910_0;  1 drivers
v0x58cb5569f250_0 .net "jr", 0 0, v0x58cb55696a20_0;  1 drivers
v0x58cb5569f340_0 .net "jump", 0 0, v0x58cb55696ac0_0;  1 drivers
v0x58cb5569f430_0 .net "memRead", 0 0, v0x58cb55696b90_0;  1 drivers
v0x58cb5569f4d0_0 .net "memToReg", 1 0, v0x58cb55696c30_0;  1 drivers
v0x58cb5569f570_0 .net "memWrite", 0 0, v0x58cb55696cf0_0;  1 drivers
v0x58cb5569f640_0 .net "nextPC", 31 0, L_0x58cb556b72b0;  1 drivers
v0x58cb5569f730_0 .net "pc", 31 0, v0x58cb556976c0_0;  1 drivers
v0x58cb5569f820_0 .net "readData1", 31 0, L_0x58cb556b3850;  1 drivers
v0x58cb5569f8c0_0 .net "readData2", 31 0, L_0x58cb556b3af0;  1 drivers
v0x58cb5569f980_0 .net "regDst", 0 0, v0x58cb55696e90_0;  1 drivers
v0x58cb5569fa20_0 .net "regWrite", 0 0, v0x58cb55696f50_0;  1 drivers
v0x58cb5569fb10_0 .net "writeData", 31 0, L_0x58cb556b7a10;  1 drivers
v0x58cb5569fbb0_0 .net "writeReg", 4 0, L_0x58cb556b3430;  1 drivers
v0x58cb5569fc80_0 .net "zero", 0 0, L_0x58cb556b6670;  1 drivers
L_0x58cb556b28c0 .part v0x58cb556976c0_0, 2, 30;
L_0x58cb556b2960 .concat [ 30 2 0 0], L_0x58cb556b28c0, L_0x7a8bd7cce060;
L_0x58cb556b2af0 .part v0x58cb55695fd0_0, 2, 30;
L_0x58cb556b2be0 .concat [ 30 2 0 0], L_0x58cb556b2af0, L_0x7a8bd7cce0a8;
L_0x58cb556b2f90 .part L_0x58cb55682b20, 26, 6;
L_0x58cb556b3080 .part L_0x58cb55682b20, 0, 6;
L_0x58cb556b3160 .part L_0x58cb55682b20, 11, 5;
L_0x58cb556b3200 .part L_0x58cb55682b20, 16, 5;
L_0x58cb556b32f0 .functor MUXZ 5, L_0x58cb556b3200, L_0x58cb556b3160, v0x58cb55696e90_0, C4<>;
L_0x58cb556b3430 .functor MUXZ 5, L_0x58cb556b32f0, L_0x7a8bd7cce0f0, v0x58cb55696910_0, C4<>;
L_0x58cb556b6130 .part L_0x58cb55682b20, 21, 5;
L_0x58cb556b61d0 .part L_0x58cb55682b20, 16, 5;
L_0x58cb556b6270 .part L_0x58cb55682b20, 15, 1;
L_0x58cb556b6310 .repeat 16, 16, L_0x58cb556b6270;
L_0x58cb556b63b0 .part L_0x58cb55682b20, 0, 16;
L_0x58cb556b6450 .concat [ 16 16 0 0], L_0x58cb556b63b0, L_0x58cb556b6310;
L_0x58cb556b6760 .functor MUXZ 32, L_0x58cb556b3af0, L_0x58cb556b6450, v0x58cb556966d0_0, C4<>;
L_0x58cb556b73a0 .part L_0x58cb55682b20, 0, 26;
L_0x58cb556b7530 .cmp/eq 2, v0x58cb55696c30_0, L_0x7a8bd7cce2e8;
L_0x58cb556b7670 .arith/sum 32, v0x58cb556976c0_0, L_0x7a8bd7cce330;
L_0x58cb556b7490 .cmp/eq 2, v0x58cb55696c30_0, L_0x7a8bd7cce378;
L_0x58cb556b7860 .functor MUXZ 32, v0x58cb55695fd0_0, v0x58cb556a2260_0, L_0x58cb556b7490, C4<>;
L_0x58cb556b7a10 .functor MUXZ 32, L_0x58cb556b7860, L_0x58cb556b7670, L_0x58cb556b7530, C4<>;
S_0x58cb55693420 .scope module, "addr_calc" "AddressCalc" 4 231, 4 154 0, S_0x58cb55692d30;
 .timescale 0 0;
    .port_info 0 /INPUT 32 "pc";
    .port_info 1 /INPUT 32 "immExt";
    .port_info 2 /INPUT 26 "jumpAddr";
    .port_info 3 /INPUT 32 "rs_val";
    .port_info 4 /INPUT 1 "jump";
    .port_info 5 /INPUT 1 "branch";
    .port_info 6 /INPUT 1 "zero";
    .port_info 7 /INPUT 1 "jr";
    .port_info 8 /OUTPUT 32 "nextPC";
L_0x58cb556b4390 .functor AND 1, v0x58cb55696770_0, L_0x58cb556b6670, C4<1>, C4<1>;
L_0x7a8bd7cce210 .functor BUFT 1, C4<00000000000000000000000000000100>, C4<0>, C4<0>, C4<0>;
v0x58cb55693670_0 .net/2u *"_ivl_0", 31 0, L_0x7a8bd7cce210;  1 drivers
v0x58cb55693770_0 .net *"_ivl_11", 0 0, L_0x58cb556b4390;  1 drivers
v0x58cb55693830_0 .net *"_ivl_12", 31 0, L_0x58cb556b6d30;  1 drivers
v0x58cb556938f0_0 .net *"_ivl_14", 29 0, L_0x58cb556b6ba0;  1 drivers
L_0x7a8bd7cce2a0 .functor BUFT 1, C4<00>, C4<0>, C4<0>, C4<0>;
v0x58cb556939d0_0 .net *"_ivl_16", 1 0, L_0x7a8bd7cce2a0;  1 drivers
v0x58cb55693b00_0 .net *"_ivl_18", 31 0, L_0x58cb556b6e00;  1 drivers
v0x58cb55693be0_0 .net *"_ivl_20", 31 0, L_0x58cb556b6fa0;  1 drivers
v0x58cb55693cc0_0 .net *"_ivl_22", 31 0, L_0x58cb556b7120;  1 drivers
v0x58cb55693da0_0 .net *"_ivl_5", 3 0, L_0x58cb556b68f0;  1 drivers
L_0x7a8bd7cce258 .functor BUFT 1, C4<00>, C4<0>, C4<0>, C4<0>;
v0x58cb55693e80_0 .net/2u *"_ivl_6", 1 0, L_0x7a8bd7cce258;  1 drivers
v0x58cb55693f60_0 .net *"_ivl_8", 31 0, L_0x58cb556b6a20;  1 drivers
v0x58cb55694040_0 .net "branch", 0 0, v0x58cb55696770_0;  alias, 1 drivers
v0x58cb55694100_0 .net "immExt", 31 0, L_0x58cb556b6450;  alias, 1 drivers
v0x58cb556941e0_0 .net "jr", 0 0, v0x58cb55696a20_0;  alias, 1 drivers
v0x58cb556942a0_0 .net "jump", 0 0, v0x58cb55696ac0_0;  alias, 1 drivers
v0x58cb55694360_0 .net "jumpAddr", 25 0, L_0x58cb556b73a0;  1 drivers
v0x58cb55694440_0 .net "nextPC", 31 0, L_0x58cb556b72b0;  alias, 1 drivers
v0x58cb55694520_0 .net "pc", 31 0, v0x58cb556976c0_0;  alias, 1 drivers
v0x58cb55694600_0 .net "pcPlus4", 31 0, L_0x58cb556b6850;  1 drivers
v0x58cb556946e0_0 .net "rs_val", 31 0, L_0x58cb556b3850;  alias, 1 drivers
v0x58cb556947c0_0 .net "zero", 0 0, L_0x58cb556b6670;  alias, 1 drivers
L_0x58cb556b6850 .arith/sum 32, v0x58cb556976c0_0, L_0x7a8bd7cce210;
L_0x58cb556b68f0 .part L_0x58cb556b6850, 28, 4;
L_0x58cb556b6a20 .concat [ 2 26 4 0], L_0x7a8bd7cce258, L_0x58cb556b73a0, L_0x58cb556b68f0;
L_0x58cb556b6ba0 .part L_0x58cb556b6450, 0, 30;
L_0x58cb556b6d30 .concat [ 2 30 0 0], L_0x7a8bd7cce2a0, L_0x58cb556b6ba0;
L_0x58cb556b6e00 .arith/sum 32, L_0x58cb556b6850, L_0x58cb556b6d30;
L_0x58cb556b6fa0 .functor MUXZ 32, L_0x58cb556b6850, L_0x58cb556b6e00, L_0x58cb556b4390, C4<>;
L_0x58cb556b7120 .functor MUXZ 32, L_0x58cb556b6fa0, L_0x58cb556b6a20, v0x58cb55696ac0_0, C4<>;
L_0x58cb556b72b0 .functor MUXZ 32, L_0x58cb556b7120, L_0x58cb556b3850, v0x58cb55696a20_0, C4<>;
S_0x58cb556949a0 .scope module, "alu_unit" "ALU" 4 229, 4 75 0, S_0x58cb55692d30;
 .timescale 0 0;
    .port_info 0 /INPUT 32 "a";
    .port_info 1 /INPUT 32 "b";
    .port_info 2 /INPUT 4 "aluControl";
    .port_info 3 /OUTPUT 32 "result";
    .port_info 4 /OUTPUT 1 "zero";
L_0x7a8bd7cce1c8 .functor BUFT 1, C4<00000000000000000000000000000000>, C4<0>, C4<0>, C4<0>;
v0x58cb55695a80_0 .net/2u *"_ivl_0", 31 0, L_0x7a8bd7cce1c8;  1 drivers
v0x58cb55695b60_0 .net "a", 31 0, L_0x58cb556b3850;  alias, 1 drivers
v0x58cb55695c20_0 .net "aluControl", 3 0, v0x58cb556965c0_0;  alias, 1 drivers
v0x58cb55695d10_0 .net "b", 31 0, L_0x58cb556b6760;  1 drivers
v0x58cb55695e20_0 .net "div_res", 31 0, v0x58cb55695310_0;  1 drivers
v0x58cb55695f30_0 .net "mult_res", 31 0, v0x58cb55695920_0;  1 drivers
v0x58cb55695fd0_0 .var "result", 31 0;
v0x58cb55696090_0 .net "zero", 0 0, L_0x58cb556b6670;  alias, 1 drivers
E_0x58cb555d5630/0 .event anyedge, v0x58cb55695c20_0, v0x58cb556946e0_0, v0x58cb55694f80_0, v0x58cb55695920_0;
E_0x58cb555d5630/1 .event anyedge, v0x58cb55695310_0;
E_0x58cb555d5630 .event/or E_0x58cb555d5630/0, E_0x58cb555d5630/1;
L_0x58cb556b6670 .cmp/eq 32, v0x58cb55695fd0_0, L_0x7a8bd7cce1c8;
S_0x58cb55694c30 .scope module, "d1" "Divider" 4 85, 4 54 0, S_0x58cb556949a0;
 .timescale 0 0;
    .port_info 0 /INPUT 32 "a";
    .port_info 1 /INPUT 32 "b";
    .port_info 2 /OUTPUT 32 "result";
v0x58cb55694ea0_0 .net "a", 31 0, L_0x58cb556b3850;  alias, 1 drivers
v0x58cb55694f80_0 .net "b", 31 0, L_0x58cb556b6760;  alias, 1 drivers
v0x58cb55695040_0 .var/i "i", 31 0;
v0x58cb55695100_0 .var "quotient", 31 0;
v0x58cb556951e0_0 .var "remainder", 31 0;
v0x58cb55695310_0 .var "result", 31 0;
E_0x58cb555d5010 .event anyedge, v0x58cb556951e0_0, v0x58cb556946e0_0, v0x58cb55694f80_0, v0x58cb55695100_0;
S_0x58cb55695470 .scope module, "m1" "Multiplier" 4 84, 4 40 0, S_0x58cb556949a0;
 .timescale 0 0;
    .port_info 0 /INPUT 32 "a";
    .port_info 1 /INPUT 32 "b";
    .port_info 2 /OUTPUT 32 "result";
v0x58cb55695690_0 .net "a", 31 0, L_0x58cb556b3850;  alias, 1 drivers
v0x58cb556957c0_0 .net "b", 31 0, L_0x58cb556b6760;  alias, 1 drivers
v0x58cb55695880_0 .var/i "i", 31 0;
v0x58cb55695920_0 .var "result", 31 0;
E_0x58cb555d52c0 .event anyedge, v0x58cb55694f80_0, v0x58cb55695920_0, v0x58cb556946e0_0;
S_0x58cb55696210 .scope module, "cu" "ControlUnit" 4 196, 4 101 0, S_0x58cb55692d30;
 .timescale 0 0;
    .port_info 0 /INPUT 6 "opcode";
    .port_info 1 /INPUT 6 "funct";
    .port_info 2 /OUTPUT 1 "regDst";
    .port_info 3 /OUTPUT 1 "regWrite";
    .port_info 4 /OUTPUT 1 "aluSrc";
    .port_info 5 /OUTPUT 1 "memRead";
    .port_info 6 /OUTPUT 1 "memWrite";
    .port_info 7 /OUTPUT 1 "branch";
    .port_info 8 /OUTPUT 1 "jump";
    .port_info 9 /OUTPUT 1 "jal";
    .port_info 10 /OUTPUT 1 "jr";
    .port_info 11 /OUTPUT 2 "memToReg";
    .port_info 12 /OUTPUT 4 "aluOp";
v0x58cb556965c0_0 .var "aluOp", 3 0;
v0x58cb556966d0_0 .var "aluSrc", 0 0;
v0x58cb55696770_0 .var "branch", 0 0;
v0x58cb55696870_0 .net "funct", 5 0, L_0x58cb556b3080;  1 drivers
v0x58cb55696910_0 .var "jal", 0 0;
v0x58cb55696a20_0 .var "jr", 0 0;
v0x58cb55696ac0_0 .var "jump", 0 0;
v0x58cb55696b90_0 .var "memRead", 0 0;
v0x58cb55696c30_0 .var "memToReg", 1 0;
v0x58cb55696cf0_0 .var "memWrite", 0 0;
v0x58cb55696db0_0 .net "opcode", 5 0, L_0x58cb556b2f90;  1 drivers
v0x58cb55696e90_0 .var "regDst", 0 0;
v0x58cb55696f50_0 .var "regWrite", 0 0;
E_0x58cb555aaa10 .event anyedge, v0x58cb55696db0_0, v0x58cb55696870_0;
S_0x58cb55697220 .scope module, "pc_unit" "PC" 4 194, 4 138 0, S_0x58cb55692d30;
 .timescale 0 0;
    .port_info 0 /INPUT 1 "clk";
    .port_info 1 /INPUT 1 "rst";
    .port_info 2 /INPUT 32 "nextPC";
    .port_info 3 /OUTPUT 32 "pc";
v0x58cb556974f0_0 .net "clk", 0 0, v0x58cb556a1300_0;  alias, 1 drivers
v0x58cb556975d0_0 .net "nextPC", 31 0, L_0x58cb556b72b0;  alias, 1 drivers
v0x58cb556976c0_0 .var "pc", 31 0;
v0x58cb556977c0_0 .net "rst", 0 0, v0x58cb556a2620_0;  alias, 1 drivers
E_0x58cb55697470 .event posedge, v0x58cb556977c0_0, v0x58cb556974f0_0;
S_0x58cb556978f0 .scope module, "rf" "RegisterFile" 4 214, 4 1 0, S_0x58cb55692d30;
 .timescale 0 0;
    .port_info 0 /INPUT 1 "clk";
    .port_info 1 /INPUT 1 "regWrite";
    .port_info 2 /INPUT 5 "readReg1";
    .port_info 3 /INPUT 5 "readReg2";
    .port_info 4 /INPUT 5 "writeReg";
    .port_info 5 /INPUT 32 "writeData";
    .port_info 6 /OUTPUT 32 "readData1";
    .port_info 7 /OUTPUT 32 "readData2";
    .port_info 8 /OUTPUT 32 "R0";
    .port_info 9 /OUTPUT 32 "R1";
    .port_info 10 /OUTPUT 32 "R2";
    .port_info 11 /OUTPUT 32 "R3";
    .port_info 12 /OUTPUT 32 "R4";
    .port_info 13 /OUTPUT 32 "R5";
    .port_info 14 /OUTPUT 32 "R6";
    .port_info 15 /OUTPUT 32 "R7";
    .port_info 16 /OUTPUT 32 "R8";
    .port_info 17 /OUTPUT 32 "R9";
    .port_info 18 /OUTPUT 32 "R10";
    .port_info 19 /OUTPUT 32 "R11";
    .port_info 20 /OUTPUT 32 "R12";
    .port_info 21 /OUTPUT 32 "R13";
    .port_info 22 /OUTPUT 32 "R14";
    .port_info 23 /OUTPUT 32 "R15";
    .port_info 24 /OUTPUT 32 "R16";
    .port_info 25 /OUTPUT 32 "R17";
    .port_info 26 /OUTPUT 32 "R18";
    .port_info 27 /OUTPUT 32 "R19";
    .port_info 28 /OUTPUT 32 "R20";
    .port_info 29 /OUTPUT 32 "R21";
    .port_info 30 /OUTPUT 32 "R22";
    .port_info 31 /OUTPUT 32 "R23";
    .port_info 32 /OUTPUT 32 "R24";
    .port_info 33 /OUTPUT 32 "R25";
    .port_info 34 /OUTPUT 32 "R26";
    .port_info 35 /OUTPUT 32 "R27";
    .port_info 36 /OUTPUT 32 "R28";
    .port_info 37 /OUTPUT 32 "R29";
    .port_info 38 /OUTPUT 32 "R30";
    .port_info 39 /OUTPUT 32 "R31";
L_0x58cb556b3850 .functor BUFZ 32, L_0x58cb556b3620, C4<00000000000000000000000000000000>, C4<00000000000000000000000000000000>, C4<00000000000000000000000000000000>;
L_0x58cb556b3af0 .functor BUFZ 32, L_0x58cb556b3910, C4<00000000000000000000000000000000>, C4<00000000000000000000000000000000>, C4<00000000000000000000000000000000>;
v0x58cb556980b0_0 .net8 "R0", 31 0, RS_0x7a8bd8089188;  alias, 2 drivers
v0x58cb556981b0_0 .net "R1", 31 0, L_0x58cb556b5a10;  alias, 1 drivers
v0x58cb55698290_0 .net "R10", 31 0, L_0x58cb556b4f70;  alias, 1 drivers
v0x58cb55698350_0 .net "R11", 31 0, L_0x58cb556b4ed0;  alias, 1 drivers
v0x58cb55698430_0 .net "R12", 31 0, L_0x58cb556b4d60;  alias, 1 drivers
v0x58cb55698560_0 .net "R13", 31 0, L_0x58cb556b4cc0;  alias, 1 drivers
v0x58cb55698640_0 .net "R14", 31 0, L_0x58cb556b4b60;  alias, 1 drivers
v0x58cb55698720_0 .net "R15", 31 0, L_0x58cb556b48d0;  alias, 1 drivers
v0x58cb55698800_0 .net "R16", 31 0, L_0x58cb556b4a10;  alias, 1 drivers
v0x58cb55698970_0 .net "R17", 31 0, L_0x58cb556b4970;  alias, 1 drivers
v0x58cb55698a50_0 .net "R18", 31 0, L_0x58cb556b4830;  alias, 1 drivers
v0x58cb55698b30_0 .net "R19", 31 0, L_0x58cb556b4790;  alias, 1 drivers
v0x58cb55698c10_0 .net "R2", 31 0, L_0x58cb556b5850;  alias, 1 drivers
v0x58cb55698cf0_0 .net "R20", 31 0, L_0x58cb556b4660;  alias, 1 drivers
v0x58cb55698dd0_0 .net "R21", 31 0, L_0x58cb556b45c0;  alias, 1 drivers
v0x58cb55698eb0_0 .net "R22", 31 0, L_0x58cb556b44a0;  alias, 1 drivers
v0x58cb55698f90_0 .net "R23", 31 0, L_0x58cb556b4400;  alias, 1 drivers
v0x58cb55699180_0 .net "R24", 31 0, L_0x58cb556b41e0;  alias, 1 drivers
v0x58cb55699260_0 .net "R25", 31 0, L_0x58cb556b4140;  alias, 1 drivers
v0x58cb55699340_0 .net "R26", 31 0, L_0x58cb556b4040;  alias, 1 drivers
v0x58cb55699420_0 .net "R27", 31 0, L_0x58cb556b3fa0;  alias, 1 drivers
v0x58cb55699500_0 .net "R28", 31 0, L_0x58cb556b3e20;  alias, 1 drivers
v0x58cb556995e0_0 .net "R29", 31 0, L_0x58cb556b3d80;  alias, 1 drivers
v0x58cb556996c0_0 .net "R3", 31 0, L_0x58cb556b57b0;  alias, 1 drivers
v0x58cb556997a0_0 .net "R30", 31 0, L_0x58cb556b3c50;  alias, 1 drivers
v0x58cb55699880_0 .net "R31", 31 0, L_0x58cb556b3bb0;  alias, 1 drivers
v0x58cb55699960_0 .net "R4", 31 0, L_0x58cb556b5600;  alias, 1 drivers
v0x58cb55699a40_0 .net "R5", 31 0, L_0x58cb556b5560;  alias, 1 drivers
v0x58cb55699b20_0 .net "R6", 31 0, L_0x58cb556b53c0;  alias, 1 drivers
v0x58cb55699c00_0 .net "R7", 31 0, L_0x58cb556b5320;  alias, 1 drivers
v0x58cb55699ce0_0 .net "R8", 31 0, L_0x58cb556b5190;  alias, 1 drivers
v0x58cb55699dc0_0 .net "R9", 31 0, L_0x58cb556b50f0;  alias, 1 drivers
v0x58cb55699ea0_0 .net *"_ivl_0", 31 0, L_0x58cb556b3620;  1 drivers
v0x58cb55699f80_0 .net *"_ivl_10", 6 0, L_0x58cb556b39b0;  1 drivers
L_0x7a8bd7cce180 .functor BUFT 1, C4<00>, C4<0>, C4<0>, C4<0>;
v0x58cb5569a060_0 .net *"_ivl_13", 1 0, L_0x7a8bd7cce180;  1 drivers
v0x58cb5569a140_0 .net *"_ivl_2", 6 0, L_0x58cb556b36c0;  1 drivers
L_0x7a8bd7cce138 .functor BUFT 1, C4<00>, C4<0>, C4<0>, C4<0>;
v0x58cb5569a220_0 .net *"_ivl_5", 1 0, L_0x7a8bd7cce138;  1 drivers
v0x58cb5569a300_0 .net *"_ivl_8", 31 0, L_0x58cb556b3910;  1 drivers
v0x58cb5569a3e0_0 .net *"_ivl_81", 1023 0, L_0x58cb556b6090;  1 drivers
v0x58cb5569a4c0_0 .net "clk", 0 0, v0x58cb556a1300_0;  alias, 1 drivers
v0x58cb5569a560_0 .var/i "i", 31 0;
v0x58cb5569a620_0 .net "readData1", 31 0, L_0x58cb556b3850;  alias, 1 drivers
v0x58cb5569a6e0_0 .net "readData2", 31 0, L_0x58cb556b3af0;  alias, 1 drivers
v0x58cb5569a7c0_0 .net "readReg1", 4 0, L_0x58cb556b6130;  1 drivers
v0x58cb5569a8a0_0 .net "readReg2", 4 0, L_0x58cb556b61d0;  1 drivers
v0x58cb5569a980_0 .net "regWrite", 0 0, v0x58cb55696f50_0;  alias, 1 drivers
v0x58cb5569aa20 .array "registers", 0 31, 31 0;
v0x58cb5569aec0_0 .net "writeData", 31 0, L_0x58cb556b7a10;  alias, 1 drivers
v0x58cb5569afa0_0 .net "writeReg", 4 0, L_0x58cb556b3430;  alias, 1 drivers
E_0x58cb55698030 .event posedge, v0x58cb556974f0_0;
L_0x58cb556b3620 .array/port v0x58cb5569aa20, L_0x58cb556b36c0;
L_0x58cb556b36c0 .concat [ 5 2 0 0], L_0x58cb556b6130, L_0x7a8bd7cce138;
L_0x58cb556b3910 .array/port v0x58cb5569aa20, L_0x58cb556b39b0;
L_0x58cb556b39b0 .concat [ 5 2 0 0], L_0x58cb556b61d0, L_0x7a8bd7cce180;
L_0x58cb556b3bb0 .part L_0x58cb556b6090, 992, 32;
L_0x58cb556b3c50 .part L_0x58cb556b6090, 960, 32;
L_0x58cb556b3d80 .part L_0x58cb556b6090, 928, 32;
L_0x58cb556b3e20 .part L_0x58cb556b6090, 896, 32;
L_0x58cb556b3fa0 .part L_0x58cb556b6090, 864, 32;
L_0x58cb556b4040 .part L_0x58cb556b6090, 832, 32;
L_0x58cb556b4140 .part L_0x58cb556b6090, 800, 32;
L_0x58cb556b41e0 .part L_0x58cb556b6090, 768, 32;
L_0x58cb556b4400 .part L_0x58cb556b6090, 736, 32;
L_0x58cb556b44a0 .part L_0x58cb556b6090, 704, 32;
L_0x58cb556b45c0 .part L_0x58cb556b6090, 672, 32;
L_0x58cb556b4660 .part L_0x58cb556b6090, 640, 32;
L_0x58cb556b4790 .part L_0x58cb556b6090, 608, 32;
L_0x58cb556b4830 .part L_0x58cb556b6090, 576, 32;
L_0x58cb556b4970 .part L_0x58cb556b6090, 544, 32;
L_0x58cb556b4a10 .part L_0x58cb556b6090, 512, 32;
L_0x58cb556b48d0 .part L_0x58cb556b6090, 480, 32;
L_0x58cb556b4b60 .part L_0x58cb556b6090, 448, 32;
L_0x58cb556b4cc0 .part L_0x58cb556b6090, 416, 32;
L_0x58cb556b4d60 .part L_0x58cb556b6090, 384, 32;
L_0x58cb556b4ed0 .part L_0x58cb556b6090, 352, 32;
L_0x58cb556b4f70 .part L_0x58cb556b6090, 320, 32;
L_0x58cb556b50f0 .part L_0x58cb556b6090, 288, 32;
L_0x58cb556b5190 .part L_0x58cb556b6090, 256, 32;
L_0x58cb556b5320 .part L_0x58cb556b6090, 224, 32;
L_0x58cb556b53c0 .part L_0x58cb556b6090, 192, 32;
L_0x58cb556b5560 .part L_0x58cb556b6090, 160, 32;
L_0x58cb556b5600 .part L_0x58cb556b6090, 128, 32;
L_0x58cb556b57b0 .part L_0x58cb556b6090, 96, 32;
L_0x58cb556b5850 .part L_0x58cb556b6090, 64, 32;
L_0x58cb556b5a10 .part L_0x58cb556b6090, 32, 32;
L_0x58cb556b5ab0 .part L_0x58cb556b6090, 0, 32;
v0x58cb5569aa20_0 .array/port v0x58cb5569aa20, 0;
v0x58cb5569aa20_1 .array/port v0x58cb5569aa20, 1;
v0x58cb5569aa20_2 .array/port v0x58cb5569aa20, 2;
v0x58cb5569aa20_3 .array/port v0x58cb5569aa20, 3;
LS_0x58cb556b6090_0_0 .concat [ 32 32 32 32], v0x58cb5569aa20_0, v0x58cb5569aa20_1, v0x58cb5569aa20_2, v0x58cb5569aa20_3;
v0x58cb5569aa20_4 .array/port v0x58cb5569aa20, 4;
v0x58cb5569aa20_5 .array/port v0x58cb5569aa20, 5;
v0x58cb5569aa20_6 .array/port v0x58cb5569aa20, 6;
v0x58cb5569aa20_7 .array/port v0x58cb5569aa20, 7;
LS_0x58cb556b6090_0_4 .concat [ 32 32 32 32], v0x58cb5569aa20_4, v0x58cb5569aa20_5, v0x58cb5569aa20_6, v0x58cb5569aa20_7;
v0x58cb5569aa20_8 .array/port v0x58cb5569aa20, 8;
v0x58cb5569aa20_9 .array/port v0x58cb5569aa20, 9;
v0x58cb5569aa20_10 .array/port v0x58cb5569aa20, 10;
v0x58cb5569aa20_11 .array/port v0x58cb5569aa20, 11;
LS_0x58cb556b6090_0_8 .concat [ 32 32 32 32], v0x58cb5569aa20_8, v0x58cb5569aa20_9, v0x58cb5569aa20_10, v0x58cb5569aa20_11;
v0x58cb5569aa20_12 .array/port v0x58cb5569aa20, 12;
v0x58cb5569aa20_13 .array/port v0x58cb5569aa20, 13;
v0x58cb5569aa20_14 .array/port v0x58cb5569aa20, 14;
v0x58cb5569aa20_15 .array/port v0x58cb5569aa20, 15;
LS_0x58cb556b6090_0_12 .concat [ 32 32 32 32], v0x58cb5569aa20_12, v0x58cb5569aa20_13, v0x58cb5569aa20_14, v0x58cb5569aa20_15;
v0x58cb5569aa20_16 .array/port v0x58cb5569aa20, 16;
v0x58cb5569aa20_17 .array/port v0x58cb5569aa20, 17;
v0x58cb5569aa20_18 .array/port v0x58cb5569aa20, 18;
v0x58cb5569aa20_19 .array/port v0x58cb5569aa20, 19;
LS_0x58cb556b6090_0_16 .concat [ 32 32 32 32], v0x58cb5569aa20_16, v0x58cb5569aa20_17, v0x58cb5569aa20_18, v0x58cb5569aa20_19;
v0x58cb5569aa20_20 .array/port v0x58cb5569aa20, 20;
v0x58cb5569aa20_21 .array/port v0x58cb5569aa20, 21;
v0x58cb5569aa20_22 .array/port v0x58cb5569aa20, 22;
v0x58cb5569aa20_23 .array/port v0x58cb5569aa20, 23;
LS_0x58cb556b6090_0_20 .concat [ 32 32 32 32], v0x58cb5569aa20_20, v0x58cb5569aa20_21, v0x58cb5569aa20_22, v0x58cb5569aa20_23;
v0x58cb5569aa20_24 .array/port v0x58cb5569aa20, 24;
v0x58cb5569aa20_25 .array/port v0x58cb5569aa20, 25;
v0x58cb5569aa20_26 .array/port v0x58cb5569aa20, 26;
v0x58cb5569aa20_27 .array/port v0x58cb5569aa20, 27;
LS_0x58cb556b6090_0_24 .concat [ 32 32 32 32], v0x58cb5569aa20_24, v0x58cb5569aa20_25, v0x58cb5569aa20_26, v0x58cb5569aa20_27;
v0x58cb5569aa20_28 .array/port v0x58cb5569aa20, 28;
v0x58cb5569aa20_29 .array/port v0x58cb5569aa20, 29;
v0x58cb5569aa20_30 .array/port v0x58cb5569aa20, 30;
v0x58cb5569aa20_31 .array/port v0x58cb5569aa20, 31;
LS_0x58cb556b6090_0_28 .concat [ 32 32 32 32], v0x58cb5569aa20_28, v0x58cb5569aa20_29, v0x58cb5569aa20_30, v0x58cb5569aa20_31;
LS_0x58cb556b6090_1_0 .concat [ 128 128 128 128], LS_0x58cb556b6090_0_0, LS_0x58cb556b6090_0_4, LS_0x58cb556b6090_0_8, LS_0x58cb556b6090_0_12;
LS_0x58cb556b6090_1_4 .concat [ 128 128 128 128], LS_0x58cb556b6090_0_16, LS_0x58cb556b6090_0_20, LS_0x58cb556b6090_0_24, LS_0x58cb556b6090_0_28;
L_0x58cb556b6090 .concat [ 512 512 0 0], LS_0x58cb556b6090_1_0, LS_0x58cb556b6090_1_4;
S_0x58cb556a0230 .scope task, "exec_internal" "exec_internal" 3 58, 3 58 0, S_0x58cb55641900;
 .timescale 0 0;
TD_tb.exec_internal ;
    %load/vec4 v0x58cb556a1d30_0;
    %pad/u 11;
    %ix/vec4 4;
    %load/vec4a v0x58cb556a1c70, 4;
    %store/vec4 v0x58cb556a19d0_0, 0, 32;
    %load/vec4 v0x58cb556a1d30_0;
    %addi 1, 0, 9;
    %store/vec4 v0x58cb556a1d30_0, 0, 9;
    %load/vec4 v0x58cb556a19d0_0;
    %parti/s 5, 21, 6;
    %store/vec4 v0x58cb556a1ab0_0, 0, 5;
    %load/vec4 v0x58cb556a19d0_0;
    %parti/s 5, 16, 6;
    %store/vec4 v0x58cb556a1b90_0, 0, 5;
    %load/vec4 v0x58cb556a19d0_0;
    %parti/s 5, 11, 5;
    %store/vec4 v0x58cb556a18f0_0, 0, 5;
    %load/vec4 v0x58cb556a19d0_0;
    %parti/s 16, 0, 2;
    %store/vec4 v0x58cb556a1730_0, 0, 16;
    %load/vec4 v0x58cb556a1730_0;
    %parti/s 1, 15, 5;
    %replicate 16;
    %load/vec4 v0x58cb556a1730_0;
    %concat/vec4; draw_concat_vec4
    %store/vec4 v0x58cb556a1810_0, 0, 32;
    %load/vec4 v0x58cb556a1ab0_0;
    %pad/u 7;
    %ix/vec4 4;
    %load/vec4a v0x58cb556a1e10, 4;
    %store/vec4 v0x58cb556a26c0_0, 0, 32;
    %load/vec4 v0x58cb556a1b90_0;
    %pad/u 7;
    %ix/vec4 4;
    %load/vec4a v0x58cb556a1e10, 4;
    %store/vec4 v0x58cb556a2780_0, 0, 32;
    %load/vec4 v0x58cb556a19d0_0;
    %parti/s 6, 26, 6;
    %dup/vec4;
    %pushi/vec4 0, 0, 6;
    %cmp/u;
    %jmp/1 T_3.0, 6;
    %dup/vec4;
    %pushi/vec4 8, 0, 6;
    %cmp/u;
    %jmp/1 T_3.1, 6;
    %dup/vec4;
    %pushi/vec4 9, 0, 6;
    %cmp/u;
    %jmp/1 T_3.2, 6;
    %dup/vec4;
    %pushi/vec4 15, 0, 6;
    %cmp/u;
    %jmp/1 T_3.3, 6;
    %dup/vec4;
    %pushi/vec4 35, 0, 6;
    %cmp/u;
    %jmp/1 T_3.4, 6;
    %dup/vec4;
    %pushi/vec4 43, 0, 6;
    %cmp/u;
    %jmp/1 T_3.5, 6;
    %dup/vec4;
    %pushi/vec4 4, 0, 6;
    %cmp/u;
    %jmp/1 T_3.6, 6;
    %dup/vec4;
    %pushi/vec4 2, 0, 6;
    %cmp/u;
    %jmp/1 T_3.7, 6;
    %dup/vec4;
    %pushi/vec4 3, 0, 6;
    %cmp/u;
    %jmp/1 T_3.8, 6;
    %vpi_call/w 3 110 "$display", "Unknown opcode %b", &PV<v0x58cb556a19d0_0, 26, 6> {0 0 0};
    %jmp T_3.10;
T_3.0 ;
    %load/vec4 v0x58cb556a19d0_0;
    %parti/s 6, 0, 2;
    %dup/vec4;
    %pushi/vec4 32, 0, 6;
    %cmp/u;
    %jmp/1 T_3.11, 6;
    %dup/vec4;
    %pushi/vec4 34, 0, 6;
    %cmp/u;
    %jmp/1 T_3.12, 6;
    %dup/vec4;
    %pushi/vec4 24, 0, 6;
    %cmp/u;
    %jmp/1 T_3.13, 6;
    %dup/vec4;
    %pushi/vec4 26, 0, 6;
    %cmp/u;
    %jmp/1 T_3.14, 6;
    %dup/vec4;
    %pushi/vec4 8, 0, 6;
    %cmp/u;
    %jmp/1 T_3.15, 6;
    %vpi_call/w 3 81 "$display", "Unknown R-type funct %b", &PV<v0x58cb556a19d0_0, 0, 6> {0 0 0};
    %jmp T_3.17;
T_3.11 ;
    %load/vec4 v0x58cb556a18f0_0;
    %store/vec4 v0x58cb556a0640_0, 0, 5;
    %load/vec4 v0x58cb556a26c0_0;
    %load/vec4 v0x58cb556a2780_0;
    %add;
    %store/vec4 v0x58cb556a0740_0, 0, 32;
    %fork TD_tb.write2reg, S_0x58cb556a0460;
    %join;
    %jmp T_3.17;
T_3.12 ;
    %load/vec4 v0x58cb556a18f0_0;
    %store/vec4 v0x58cb556a0640_0, 0, 5;
    %load/vec4 v0x58cb556a26c0_0;
    %load/vec4 v0x58cb556a2780_0;
    %sub;
    %store/vec4 v0x58cb556a0740_0, 0, 32;
    %fork TD_tb.write2reg, S_0x58cb556a0460;
    %join;
    %jmp T_3.17;
T_3.13 ;
    %load/vec4 v0x58cb556a18f0_0;
    %store/vec4 v0x58cb556a0640_0, 0, 5;
    %load/vec4 v0x58cb556a26c0_0;
    %load/vec4 v0x58cb556a2780_0;
    %mul;
    %store/vec4 v0x58cb556a0740_0, 0, 32;
    %fork TD_tb.write2reg, S_0x58cb556a0460;
    %join;
    %jmp T_3.17;
T_3.14 ;
    %load/vec4 v0x58cb556a18f0_0;
    %store/vec4 v0x58cb556a0640_0, 0, 5;
    %load/vec4 v0x58cb556a26c0_0;
    %load/vec4 v0x58cb556a2780_0;
    %div;
    %store/vec4 v0x58cb556a0740_0, 0, 32;
    %fork TD_tb.write2reg, S_0x58cb556a0460;
    %join;
    %jmp T_3.17;
T_3.15 ;
    %load/vec4 v0x58cb556a26c0_0;
    %ix/load 4, 2, 0;
    %flag_set/imm 4, 0;
    %shiftr 4;
    %pad/u 9;
    %store/vec4 v0x58cb556a1d30_0, 0, 9;
    %jmp T_3.17;
T_3.17 ;
    %pop/vec4 1;
    %jmp T_3.10;
T_3.1 ;
    %load/vec4 v0x58cb556a1b90_0;
    %store/vec4 v0x58cb556a0640_0, 0, 5;
    %load/vec4 v0x58cb556a26c0_0;
    %load/vec4 v0x58cb556a1810_0;
    %add;
    %store/vec4 v0x58cb556a0740_0, 0, 32;
    %fork TD_tb.write2reg, S_0x58cb556a0460;
    %join;
    %jmp T_3.10;
T_3.2 ;
    %load/vec4 v0x58cb556a1b90_0;
    %store/vec4 v0x58cb556a0640_0, 0, 5;
    %load/vec4 v0x58cb556a26c0_0;
    %load/vec4 v0x58cb556a1810_0;
    %sub;
    %store/vec4 v0x58cb556a0740_0, 0, 32;
    %fork TD_tb.write2reg, S_0x58cb556a0460;
    %join;
    %jmp T_3.10;
T_3.3 ;
    %load/vec4 v0x58cb556a1b90_0;
    %store/vec4 v0x58cb556a0640_0, 0, 5;
    %load/vec4 v0x58cb556a1730_0;
    %concati/vec4 0, 0, 16;
    %store/vec4 v0x58cb556a0740_0, 0, 32;
    %fork TD_tb.write2reg, S_0x58cb556a0460;
    %join;
    %jmp T_3.10;
T_3.4 ;
    %load/vec4 v0x58cb556a26c0_0;
    %load/vec4 v0x58cb556a1810_0;
    %add;
    %store/vec4 v0x58cb556a13c0_0, 0, 32;
    %load/vec4 v0x58cb556a1b90_0;
    %store/vec4 v0x58cb556a0640_0, 0, 5;
    %load/vec4 v0x58cb556a13c0_0;
    %ix/load 5, 2, 0;
    %flag_set/imm 4, 0;
    %shiftr 5;
    %pushi/vec4 511, 0, 32;
    %and;
    %ix/vec4 4;
    %load/vec4a v0x58cb556a1460, 4;
    %store/vec4 v0x58cb556a0740_0, 0, 32;
    %fork TD_tb.write2reg, S_0x58cb556a0460;
    %join;
    %jmp T_3.10;
T_3.5 ;
    %load/vec4 v0x58cb556a26c0_0;
    %load/vec4 v0x58cb556a1810_0;
    %add;
    %store/vec4 v0x58cb556a13c0_0, 0, 32;
    %load/vec4 v0x58cb556a2780_0;
    %load/vec4 v0x58cb556a13c0_0;
    %ix/load 5, 2, 0;
    %flag_set/imm 4, 0;
    %shiftr 5;
    %pushi/vec4 511, 0, 32;
    %and;
    %ix/vec4 4;
    %store/vec4a v0x58cb556a1460, 4, 0;
    %jmp T_3.10;
T_3.6 ;
    %load/vec4 v0x58cb556a26c0_0;
    %load/vec4 v0x58cb556a2780_0;
    %cmp/e;
    %jmp/0xz  T_3.18, 4;
    %load/vec4 v0x58cb556a1d30_0;
    %pad/u 32;
    %load/vec4 v0x58cb556a1810_0;
    %add;
    %pad/u 9;
    %store/vec4 v0x58cb556a1d30_0, 0, 9;
T_3.18 ;
    %jmp T_3.10;
T_3.7 ;
    %load/vec4 v0x58cb556a19d0_0;
    %parti/s 26, 0, 2;
    %pad/u 9;
    %store/vec4 v0x58cb556a1d30_0, 0, 9;
    %jmp T_3.10;
T_3.8 ;
    %pushi/vec4 31, 0, 5;
    %store/vec4 v0x58cb556a0640_0, 0, 5;
    %load/vec4 v0x58cb556a1d30_0;
    %pad/u 32;
    %ix/load 4, 2, 0;
    %flag_set/imm 4, 0;
    %shiftl 4;
    %store/vec4 v0x58cb556a0740_0, 0, 32;
    %fork TD_tb.write2reg, S_0x58cb556a0460;
    %join;
    %load/vec4 v0x58cb556a19d0_0;
    %parti/s 26, 0, 2;
    %pad/u 9;
    %store/vec4 v0x58cb556a1d30_0, 0, 9;
    %jmp T_3.10;
T_3.10 ;
    %pop/vec4 1;
    %end;
S_0x58cb556a0460 .scope task, "write2reg" "write2reg" 3 50, 3 50 0, S_0x58cb55641900;
 .timescale 0 0;
v0x58cb556a0640_0 .var "reg_dest", 4 0;
v0x58cb556a0740_0 .var "val", 31 0;
TD_tb.write2reg ;
    %load/vec4 v0x58cb556a0640_0;
    %pad/u 32;
    %cmpi/ne 0, 0, 32;
    %jmp/0xz  T_4.20, 4;
    %load/vec4 v0x58cb556a0740_0;
    %load/vec4 v0x58cb556a0640_0;
    %pad/u 7;
    %ix/vec4 4;
    %store/vec4a v0x58cb556a1e10, 4, 0;
T_4.20 ;
    %end;
    .scope S_0x58cb55697220;
T_5 ;
    %pushi/vec4 0, 0, 32;
    %store/vec4 v0x58cb556976c0_0, 0, 32;
    %end;
    .thread T_5;
    .scope S_0x58cb55697220;
T_6 ;
    %wait E_0x58cb55697470;
    %load/vec4 v0x58cb556977c0_0;
    %flag_set/vec4 8;
    %jmp/0xz  T_6.0, 8;
    %pushi/vec4 0, 0, 32;
    %assign/vec4 v0x58cb556976c0_0, 0;
    %jmp T_6.1;
T_6.0 ;
    %load/vec4 v0x58cb556975d0_0;
    %assign/vec4 v0x58cb556976c0_0, 0;
T_6.1 ;
    %jmp T_6;
    .thread T_6;
    .scope S_0x58cb55696210;
T_7 ;
    %wait E_0x58cb555aaa10;
    %pushi/vec4 0, 0, 1;
    %store/vec4 v0x58cb55696e90_0, 0, 1;
    %pushi/vec4 0, 0, 1;
    %store/vec4 v0x58cb55696f50_0, 0, 1;
    %pushi/vec4 0, 0, 1;
    %store/vec4 v0x58cb556966d0_0, 0, 1;
    %pushi/vec4 0, 0, 1;
    %store/vec4 v0x58cb55696b90_0, 0, 1;
    %pushi/vec4 0, 0, 1;
    %store/vec4 v0x58cb55696cf0_0, 0, 1;
    %pushi/vec4 0, 0, 2;
    %store/vec4 v0x58cb55696c30_0, 0, 2;
    %pushi/vec4 0, 0, 1;
    %store/vec4 v0x58cb55696770_0, 0, 1;
    %pushi/vec4 0, 0, 1;
    %store/vec4 v0x58cb55696ac0_0, 0, 1;
    %pushi/vec4 0, 0, 1;
    %store/vec4 v0x58cb55696910_0, 0, 1;
    %pushi/vec4 0, 0, 1;
    %store/vec4 v0x58cb55696a20_0, 0, 1;
    %pushi/vec4 0, 0, 4;
    %store/vec4 v0x58cb556965c0_0, 0, 4;
    %load/vec4 v0x58cb55696db0_0;
    %dup/vec4;
    %pushi/vec4 0, 0, 6;
    %cmp/u;
    %jmp/1 T_7.0, 6;
    %dup/vec4;
    %pushi/vec4 35, 0, 6;
    %cmp/u;
    %jmp/1 T_7.1, 6;
    %dup/vec4;
    %pushi/vec4 43, 0, 6;
    %cmp/u;
    %jmp/1 T_7.2, 6;
    %dup/vec4;
    %pushi/vec4 8, 0, 6;
    %cmp/u;
    %jmp/1 T_7.3, 6;
    %dup/vec4;
    %pushi/vec4 9, 0, 6;
    %cmp/u;
    %jmp/1 T_7.4, 6;
    %dup/vec4;
    %pushi/vec4 15, 0, 6;
    %cmp/u;
    %jmp/1 T_7.5, 6;
    %dup/vec4;
    %pushi/vec4 4, 0, 6;
    %cmp/u;
    %jmp/1 T_7.6, 6;
    %dup/vec4;
    %pushi/vec4 2, 0, 6;
    %cmp/u;
    %jmp/1 T_7.7, 6;
    %dup/vec4;
    %pushi/vec4 3, 0, 6;
    %cmp/u;
    %jmp/1 T_7.8, 6;
    %jmp T_7.9;
T_7.0 ;
    %load/vec4 v0x58cb55696870_0;
    %cmpi/e 8, 0, 6;
    %jmp/0xz  T_7.10, 4;
    %pushi/vec4 1, 0, 1;
    %store/vec4 v0x58cb55696a20_0, 0, 1;
    %jmp T_7.11;
T_7.10 ;
    %pushi/vec4 1, 0, 1;
    %store/vec4 v0x58cb55696e90_0, 0, 1;
    %pushi/vec4 1, 0, 1;
    %store/vec4 v0x58cb55696f50_0, 0, 1;
    %load/vec4 v0x58cb55696870_0;
    %dup/vec4;
    %pushi/vec4 32, 0, 6;
    %cmp/u;
    %jmp/1 T_7.12, 6;
    %dup/vec4;
    %pushi/vec4 34, 0, 6;
    %cmp/u;
    %jmp/1 T_7.13, 6;
    %dup/vec4;
    %pushi/vec4 24, 0, 6;
    %cmp/u;
    %jmp/1 T_7.14, 6;
    %dup/vec4;
    %pushi/vec4 26, 0, 6;
    %cmp/u;
    %jmp/1 T_7.15, 6;
    %jmp T_7.16;
T_7.12 ;
    %pushi/vec4 0, 0, 4;
    %store/vec4 v0x58cb556965c0_0, 0, 4;
    %jmp T_7.16;
T_7.13 ;
    %pushi/vec4 1, 0, 4;
    %store/vec4 v0x58cb556965c0_0, 0, 4;
    %jmp T_7.16;
T_7.14 ;
    %pushi/vec4 4, 0, 4;
    %store/vec4 v0x58cb556965c0_0, 0, 4;
    %jmp T_7.16;
T_7.15 ;
    %pushi/vec4 5, 0, 4;
    %store/vec4 v0x58cb556965c0_0, 0, 4;
    %jmp T_7.16;
T_7.16 ;
    %pop/vec4 1;
T_7.11 ;
    %jmp T_7.9;
T_7.1 ;
    %pushi/vec4 1, 0, 1;
    %store/vec4 v0x58cb55696f50_0, 0, 1;
    %pushi/vec4 1, 0, 1;
    %store/vec4 v0x58cb556966d0_0, 0, 1;
    %pushi/vec4 1, 0, 1;
    %store/vec4 v0x58cb55696b90_0, 0, 1;
    %pushi/vec4 1, 0, 2;
    %store/vec4 v0x58cb55696c30_0, 0, 2;
    %pushi/vec4 0, 0, 4;
    %store/vec4 v0x58cb556965c0_0, 0, 4;
    %jmp T_7.9;
T_7.2 ;
    %pushi/vec4 1, 0, 1;
    %store/vec4 v0x58cb556966d0_0, 0, 1;
    %pushi/vec4 1, 0, 1;
    %store/vec4 v0x58cb55696cf0_0, 0, 1;
    %pushi/vec4 0, 0, 4;
    %store/vec4 v0x58cb556965c0_0, 0, 4;
    %jmp T_7.9;
T_7.3 ;
    %pushi/vec4 1, 0, 1;
    %store/vec4 v0x58cb55696f50_0, 0, 1;
    %pushi/vec4 1, 0, 1;
    %store/vec4 v0x58cb556966d0_0, 0, 1;
    %pushi/vec4 0, 0, 4;
    %store/vec4 v0x58cb556965c0_0, 0, 4;
    %jmp T_7.9;
T_7.4 ;
    %pushi/vec4 1, 0, 1;
    %store/vec4 v0x58cb55696f50_0, 0, 1;
    %pushi/vec4 1, 0, 1;
    %store/vec4 v0x58cb556966d0_0, 0, 1;
    %pushi/vec4 1, 0, 4;
    %store/vec4 v0x58cb556965c0_0, 0, 4;
    %jmp T_7.9;
T_7.5 ;
    %pushi/vec4 1, 0, 1;
    %store/vec4 v0x58cb55696f50_0, 0, 1;
    %pushi/vec4 1, 0, 1;
    %store/vec4 v0x58cb556966d0_0, 0, 1;
    %pushi/vec4 6, 0, 4;
    %store/vec4 v0x58cb556965c0_0, 0, 4;
    %jmp T_7.9;
T_7.6 ;
    %pushi/vec4 1, 0, 1;
    %store/vec4 v0x58cb55696770_0, 0, 1;
    %pushi/vec4 1, 0, 4;
    %store/vec4 v0x58cb556965c0_0, 0, 4;
    %jmp T_7.9;
T_7.7 ;
    %pushi/vec4 1, 0, 1;
    %store/vec4 v0x58cb55696ac0_0, 0, 1;
    %jmp T_7.9;
T_7.8 ;
    %pushi/vec4 1, 0, 1;
    %store/vec4 v0x58cb55696ac0_0, 0, 1;
    %pushi/vec4 1, 0, 1;
    %store/vec4 v0x58cb55696910_0, 0, 1;
    %pushi/vec4 1, 0, 1;
    %store/vec4 v0x58cb55696f50_0, 0, 1;
    %pushi/vec4 2, 0, 2;
    %store/vec4 v0x58cb55696c30_0, 0, 2;
    %jmp T_7.9;
T_7.9 ;
    %pop/vec4 1;
    %jmp T_7;
    .thread T_7, $push;
    .scope S_0x58cb556978f0;
T_8 ;
    %pushi/vec4 0, 0, 32;
    %store/vec4 v0x58cb5569a560_0, 0, 32;
T_8.0 ; Top of for-loop
    %load/vec4 v0x58cb5569a560_0;
    %cmpi/s 32, 0, 32;
	  %jmp/0xz T_8.1, 5;
    %pushi/vec4 0, 0, 32;
    %ix/getv/s 4, v0x58cb5569a560_0;
    %store/vec4a v0x58cb5569aa20, 4, 0;
T_8.2 ; for-loop step statement
    %load/vec4 v0x58cb5569a560_0;
    %addi 1, 0, 32;
    %store/vec4 v0x58cb5569a560_0, 0, 32;
    %jmp T_8.0;
T_8.1 ; for-loop exit label
    %end;
    .thread T_8;
    .scope S_0x58cb556978f0;
T_9 ;
    %wait E_0x58cb55698030;
    %load/vec4 v0x58cb5569a980_0;
    %flag_set/vec4 9;
    %flag_get/vec4 9;
    %jmp/0 T_9.2, 9;
    %load/vec4 v0x58cb5569afa0_0;
    %pushi/vec4 0, 0, 5;
    %cmp/ne;
    %flag_get/vec4 4;
    %and;
T_9.2;
    %flag_set/vec4 8;
    %jmp/0xz  T_9.0, 8;
    %load/vec4 v0x58cb5569aec0_0;
    %load/vec4 v0x58cb5569afa0_0;
    %pad/u 7;
    %ix/vec4 3;
    %ix/load 4, 0, 0; Constant delay
    %assign/vec4/a/d v0x58cb5569aa20, 0, 4;
T_9.0 ;
    %jmp T_9;
    .thread T_9;
    .scope S_0x58cb55695470;
T_10 ;
    %wait E_0x58cb555d52c0;
    %pushi/vec4 0, 0, 32;
    %store/vec4 v0x58cb55695920_0, 0, 32;
    %pushi/vec4 0, 0, 32;
    %store/vec4 v0x58cb55695880_0, 0, 32;
T_10.0 ; Top of for-loop
    %load/vec4 v0x58cb55695880_0;
    %cmpi/s 32, 0, 32;
	  %jmp/0xz T_10.1, 5;
    %load/vec4 v0x58cb556957c0_0;
    %load/vec4 v0x58cb55695880_0;
    %part/s 1;
    %flag_set/vec4 8;
    %jmp/0xz  T_10.3, 8;
    %load/vec4 v0x58cb55695920_0;
    %load/vec4 v0x58cb55695690_0;
    %load/vec4 v0x58cb55695880_0;
    %ix/vec4 4;
    %shiftl 4;
    %add;
    %store/vec4 v0x58cb55695920_0, 0, 32;
T_10.3 ;
T_10.2 ; for-loop step statement
    %load/vec4 v0x58cb55695880_0;
    %addi 1, 0, 32;
    %store/vec4 v0x58cb55695880_0, 0, 32;
    %jmp T_10.0;
T_10.1 ; for-loop exit label
    %jmp T_10;
    .thread T_10, $push;
    .scope S_0x58cb55694c30;
T_11 ;
    %wait E_0x58cb555d5010;
    %pushi/vec4 0, 0, 32;
    %store/vec4 v0x58cb55695100_0, 0, 32;
    %pushi/vec4 0, 0, 32;
    %store/vec4 v0x58cb556951e0_0, 0, 32;
    %pushi/vec4 31, 0, 32;
    %store/vec4 v0x58cb55695040_0, 0, 32;
T_11.0 ; Top of for-loop
    %load/vec4 v0x58cb55695040_0;
    %cmpi/s 0, 0, 32;
    %flag_inv 5; GE is !LT
	  %jmp/0xz T_11.1, 5;
    %load/vec4 v0x58cb556951e0_0;
    %ix/load 4, 1, 0;
    %flag_set/imm 4, 0;
    %shiftl 4;
    %load/vec4 v0x58cb55694ea0_0;
    %load/vec4 v0x58cb55695040_0;
    %ix/vec4 4;
    %shiftr 4;
    %pushi/vec4 1, 0, 32;
    %and;
    %or;
    %store/vec4 v0x58cb556951e0_0, 0, 32;
    %load/vec4 v0x58cb55694f80_0;
    %load/vec4 v0x58cb556951e0_0;
    %cmp/u;
    %flag_or 5, 4;
    %flag_get/vec4 5;
    %jmp/0 T_11.5, 5;
    %load/vec4 v0x58cb55694f80_0;
    %pushi/vec4 0, 0, 32;
    %cmp/ne;
    %flag_get/vec4 4;
    %and;
T_11.5;
    %flag_set/vec4 8;
    %jmp/0xz  T_11.3, 8;
    %load/vec4 v0x58cb556951e0_0;
    %load/vec4 v0x58cb55694f80_0;
    %sub;
    %store/vec4 v0x58cb556951e0_0, 0, 32;
    %pushi/vec4 1, 0, 1;
    %ix/getv/s 4, v0x58cb55695040_0;
    %store/vec4 v0x58cb55695100_0, 4, 1;
T_11.3 ;
T_11.2 ; for-loop step statement
    %load/vec4 v0x58cb55695040_0;
    %subi 1, 0, 32;
    %store/vec4 v0x58cb55695040_0, 0, 32;
    %jmp T_11.0;
T_11.1 ; for-loop exit label
    %load/vec4 v0x58cb55695100_0;
    %store/vec4 v0x58cb55695310_0, 0, 32;
    %jmp T_11;
    .thread T_11, $push;
    .scope S_0x58cb556949a0;
T_12 ;
    %wait E_0x58cb555d5630;
    %load/vec4 v0x58cb55695c20_0;
    %dup/vec4;
    %pushi/vec4 0, 0, 4;
    %cmp/u;
    %jmp/1 T_12.0, 6;
    %dup/vec4;
    %pushi/vec4 1, 0, 4;
    %cmp/u;
    %jmp/1 T_12.1, 6;
    %dup/vec4;
    %pushi/vec4 4, 0, 4;
    %cmp/u;
    %jmp/1 T_12.2, 6;
    %dup/vec4;
    %pushi/vec4 5, 0, 4;
    %cmp/u;
    %jmp/1 T_12.3, 6;
    %dup/vec4;
    %pushi/vec4 6, 0, 4;
    %cmp/u;
    %jmp/1 T_12.4, 6;
    %pushi/vec4 0, 0, 32;
    %store/vec4 v0x58cb55695fd0_0, 0, 32;
    %jmp T_12.6;
T_12.0 ;
    %load/vec4 v0x58cb55695b60_0;
    %load/vec4 v0x58cb55695d10_0;
    %add;
    %store/vec4 v0x58cb55695fd0_0, 0, 32;
    %jmp T_12.6;
T_12.1 ;
    %load/vec4 v0x58cb55695b60_0;
    %load/vec4 v0x58cb55695d10_0;
    %sub;
    %store/vec4 v0x58cb55695fd0_0, 0, 32;
    %jmp T_12.6;
T_12.2 ;
    %load/vec4 v0x58cb55695f30_0;
    %store/vec4 v0x58cb55695fd0_0, 0, 32;
    %jmp T_12.6;
T_12.3 ;
    %load/vec4 v0x58cb55695e20_0;
    %store/vec4 v0x58cb55695fd0_0, 0, 32;
    %jmp T_12.6;
T_12.4 ;
    %load/vec4 v0x58cb55695d10_0;
    %ix/load 4, 16, 0;
    %flag_set/imm 4, 0;
    %shiftl 4;
    %store/vec4 v0x58cb55695fd0_0, 0, 32;
    %jmp T_12.6;
T_12.6 ;
    %pop/vec4 1;
    %jmp T_12;
    .thread T_12, $push;
    .scope S_0x58cb55641900;
T_13 ;
    %wait E_0x58cb555d57d0;
    %ix/getv 4, v0x58cb556a2440_0;
    %load/vec4a v0x58cb556a1c70, 4;
    %store/vec4 v0x58cb556a24e0_0, 0, 32;
    %jmp T_13;
    .thread T_13, $push;
    .scope S_0x58cb55641900;
T_14 ;
    %wait E_0x58cb555d4720;
    %load/vec4 v0x58cb556a21a0_0;
    %dup/vec4;
    %pushi/vec4 16384, 0, 32;
    %cmp/u;
    %jmp/1 T_14.0, 6;
    %dup/vec4;
    %pushi/vec4 16385, 0, 32;
    %cmp/u;
    %jmp/1 T_14.1, 6;
    %dup/vec4;
    %pushi/vec4 16409, 0, 32;
    %cmp/u;
    %jmp/1 T_14.2, 6;
    %dup/vec4;
    %pushi/vec4 16410, 0, 32;
    %cmp/u;
    %jmp/1 T_14.3, 6;
    %dup/vec4;
    %pushi/vec4 16411, 0, 32;
    %cmp/u;
    %jmp/1 T_14.4, 6;
    %dup/vec4;
    %pushi/vec4 16412, 0, 32;
    %cmp/u;
    %jmp/1 T_14.5, 6;
    %dup/vec4;
    %pushi/vec4 16413, 0, 32;
    %cmp/u;
    %jmp/1 T_14.6, 6;
    %dup/vec4;
    %pushi/vec4 16414, 0, 32;
    %cmp/u;
    %jmp/1 T_14.7, 6;
    %dup/vec4;
    %pushi/vec4 16415, 0, 32;
    %cmp/u;
    %jmp/1 T_14.8, 6;
    %dup/vec4;
    %pushi/vec4 16416, 0, 32;
    %cmp/u;
    %jmp/1 T_14.9, 6;
    %dup/vec4;
    %pushi/vec4 16417, 0, 32;
    %cmp/u;
    %jmp/1 T_14.10, 6;
    %dup/vec4;
    %pushi/vec4 16418, 0, 32;
    %cmp/u;
    %jmp/1 T_14.11, 6;
    %load/vec4 v0x58cb556a21a0_0;
    %ix/load 4, 2, 0;
    %flag_set/imm 4, 0;
    %shiftl 4;
    %vpi_call/w 3 141 "$display", "WARNING: Invalid address to read : %x", S<0,vec4,u32> {1 0 0};
    %pushi/vec4 0, 0, 32;
    %store/vec4 v0x58cb556a2260_0, 0, 32;
    %jmp T_14.13;
T_14.0 ;
    %pushi/vec4 10, 0, 32;
    %store/vec4 v0x58cb556a2260_0, 0, 32;
    %jmp T_14.13;
T_14.1 ;
    %pushi/vec4 11, 0, 32;
    %store/vec4 v0x58cb556a2260_0, 0, 32;
    %jmp T_14.13;
T_14.2 ;
    %ix/load 4, 0, 0;
    %flag_set/imm 4, 0;
    %load/vec4a v0x58cb556a2580, 4;
    %store/vec4 v0x58cb556a2260_0, 0, 32;
    %jmp T_14.13;
T_14.3 ;
    %ix/load 4, 1, 0;
    %flag_set/imm 4, 0;
    %load/vec4a v0x58cb556a2580, 4;
    %store/vec4 v0x58cb556a2260_0, 0, 32;
    %jmp T_14.13;
T_14.4 ;
    %ix/load 4, 2, 0;
    %flag_set/imm 4, 0;
    %load/vec4a v0x58cb556a2580, 4;
    %store/vec4 v0x58cb556a2260_0, 0, 32;
    %jmp T_14.13;
T_14.5 ;
    %ix/load 4, 3, 0;
    %flag_set/imm 4, 0;
    %load/vec4a v0x58cb556a2580, 4;
    %store/vec4 v0x58cb556a2260_0, 0, 32;
    %jmp T_14.13;
T_14.6 ;
    %ix/load 4, 4, 0;
    %flag_set/imm 4, 0;
    %load/vec4a v0x58cb556a2580, 4;
    %store/vec4 v0x58cb556a2260_0, 0, 32;
    %jmp T_14.13;
T_14.7 ;
    %ix/load 4, 5, 0;
    %flag_set/imm 4, 0;
    %load/vec4a v0x58cb556a2580, 4;
    %store/vec4 v0x58cb556a2260_0, 0, 32;
    %jmp T_14.13;
T_14.8 ;
    %ix/load 4, 6, 0;
    %flag_set/imm 4, 0;
    %load/vec4a v0x58cb556a2580, 4;
    %store/vec4 v0x58cb556a2260_0, 0, 32;
    %jmp T_14.13;
T_14.9 ;
    %ix/load 4, 7, 0;
    %flag_set/imm 4, 0;
    %load/vec4a v0x58cb556a2580, 4;
    %store/vec4 v0x58cb556a2260_0, 0, 32;
    %jmp T_14.13;
T_14.10 ;
    %ix/load 4, 8, 0;
    %flag_set/imm 4, 0;
    %load/vec4a v0x58cb556a2580, 4;
    %store/vec4 v0x58cb556a2260_0, 0, 32;
    %jmp T_14.13;
T_14.11 ;
    %ix/load 4, 9, 0;
    %flag_set/imm 4, 0;
    %load/vec4a v0x58cb556a2580, 4;
    %store/vec4 v0x58cb556a2260_0, 0, 32;
    %jmp T_14.13;
T_14.13 ;
    %pop/vec4 1;
    %jmp T_14;
    .thread T_14, $push;
    .scope S_0x58cb55641900;
T_15 ;
    %wait E_0x58cb55698030;
    %load/vec4 v0x58cb556a23a0_0;
    %flag_set/vec4 8;
    %jmp/0xz  T_15.0, 8;
    %load/vec4 v0x58cb556a21a0_0;
    %dup/vec4;
    %pushi/vec4 16409, 0, 32;
    %cmp/u;
    %jmp/1 T_15.2, 6;
    %dup/vec4;
    %pushi/vec4 16410, 0, 32;
    %cmp/u;
    %jmp/1 T_15.3, 6;
    %dup/vec4;
    %pushi/vec4 16411, 0, 32;
    %cmp/u;
    %jmp/1 T_15.4, 6;
    %dup/vec4;
    %pushi/vec4 16412, 0, 32;
    %cmp/u;
    %jmp/1 T_15.5, 6;
    %dup/vec4;
    %pushi/vec4 16413, 0, 32;
    %cmp/u;
    %jmp/1 T_15.6, 6;
    %dup/vec4;
    %pushi/vec4 16414, 0, 32;
    %cmp/u;
    %jmp/1 T_15.7, 6;
    %dup/vec4;
    %pushi/vec4 16415, 0, 32;
    %cmp/u;
    %jmp/1 T_15.8, 6;
    %dup/vec4;
    %pushi/vec4 16416, 0, 32;
    %cmp/u;
    %jmp/1 T_15.9, 6;
    %dup/vec4;
    %pushi/vec4 16417, 0, 32;
    %cmp/u;
    %jmp/1 T_15.10, 6;
    %dup/vec4;
    %pushi/vec4 16418, 0, 32;
    %cmp/u;
    %jmp/1 T_15.11, 6;
    %load/vec4 v0x58cb556a21a0_0;
    %ix/load 4, 2, 0;
    %flag_set/imm 4, 0;
    %shiftl 4;
    %vpi_call/w 3 159 "$display", "WARNING: Invalid address to write : %x", S<0,vec4,u32> {1 0 0};
    %jmp T_15.13;
T_15.2 ;
    %load/vec4 v0x58cb556a2300_0;
    %ix/load 4, 0, 0;
    %flag_set/imm 4, 0;
    %store/vec4a v0x58cb556a2580, 4, 0;
    %jmp T_15.13;
T_15.3 ;
    %load/vec4 v0x58cb556a2300_0;
    %ix/load 4, 1, 0;
    %flag_set/imm 4, 0;
    %store/vec4a v0x58cb556a2580, 4, 0;
    %jmp T_15.13;
T_15.4 ;
    %load/vec4 v0x58cb556a2300_0;
    %ix/load 4, 2, 0;
    %flag_set/imm 4, 0;
    %store/vec4a v0x58cb556a2580, 4, 0;
    %jmp T_15.13;
T_15.5 ;
    %load/vec4 v0x58cb556a2300_0;
    %ix/load 4, 3, 0;
    %flag_set/imm 4, 0;
    %store/vec4a v0x58cb556a2580, 4, 0;
    %jmp T_15.13;
T_15.6 ;
    %load/vec4 v0x58cb556a2300_0;
    %ix/load 4, 4, 0;
    %flag_set/imm 4, 0;
    %store/vec4a v0x58cb556a2580, 4, 0;
    %jmp T_15.13;
T_15.7 ;
    %load/vec4 v0x58cb556a2300_0;
    %ix/load 4, 5, 0;
    %flag_set/imm 4, 0;
    %store/vec4a v0x58cb556a2580, 4, 0;
    %jmp T_15.13;
T_15.8 ;
    %load/vec4 v0x58cb556a2300_0;
    %ix/load 4, 6, 0;
    %flag_set/imm 4, 0;
    %store/vec4a v0x58cb556a2580, 4, 0;
    %jmp T_15.13;
T_15.9 ;
    %load/vec4 v0x58cb556a2300_0;
    %ix/load 4, 7, 0;
    %flag_set/imm 4, 0;
    %store/vec4a v0x58cb556a2580, 4, 0;
    %jmp T_15.13;
T_15.10 ;
    %load/vec4 v0x58cb556a2300_0;
    %ix/load 4, 8, 0;
    %flag_set/imm 4, 0;
    %store/vec4a v0x58cb556a2580, 4, 0;
    %jmp T_15.13;
T_15.11 ;
    %load/vec4 v0x58cb556a2300_0;
    %ix/load 4, 9, 0;
    %flag_set/imm 4, 0;
    %store/vec4a v0x58cb556a2580, 4, 0;
    %jmp T_15.13;
T_15.13 ;
    %pop/vec4 1;
T_15.0 ;
    %jmp T_15;
    .thread T_15;
    .scope S_0x58cb55641900;
T_16 ;
    %pushi/vec4 0, 0, 1;
    %store/vec4 v0x58cb556a1300_0, 0, 1;
T_16.0 ;
    %delay 1, 0;
    %load/vec4 v0x58cb556a1300_0;
    %inv;
    %store/vec4 v0x58cb556a1300_0, 0, 1;
    %jmp T_16.0;
T_16.1 ;
    %end;
    .thread T_16;
    .scope S_0x58cb55641900;
T_17 ;
    %pushi/vec4 0, 0, 32;
    %store/vec4 v0x58cb556a1650_0, 0, 32;
T_17.0 ; Top of for-loop
    %load/vec4 v0x58cb556a1650_0;
    %cmpi/s 512, 0, 32;
	  %jmp/0xz T_17.1, 5;
    %pushi/vec4 0, 0, 32;
    %ix/getv/s 4, v0x58cb556a1650_0;
    %store/vec4a v0x58cb556a1c70, 4, 0;
    %pushi/vec4 0, 0, 32;
    %ix/getv/s 4, v0x58cb556a1650_0;
    %store/vec4a v0x58cb556a1460, 4, 0;
T_17.2 ; for-loop step statement
    %load/vec4 v0x58cb556a1650_0;
    %addi 1, 0, 32;
    %store/vec4 v0x58cb556a1650_0, 0, 32;
    %jmp T_17.0;
T_17.1 ; for-loop exit label
    %pushi/vec4 0, 0, 32;
    %store/vec4 v0x58cb556a1650_0, 0, 32;
T_17.3 ; Top of for-loop
    %load/vec4 v0x58cb556a1650_0;
    %cmpi/s 32, 0, 32;
	  %jmp/0xz T_17.4, 5;
    %pushi/vec4 0, 0, 32;
    %ix/getv/s 4, v0x58cb556a1650_0;
    %store/vec4a v0x58cb556a1e10, 4, 0;
T_17.5 ; for-loop step statement
    %load/vec4 v0x58cb556a1650_0;
    %addi 1, 0, 32;
    %store/vec4 v0x58cb556a1650_0, 0, 32;
    %jmp T_17.3;
T_17.4 ; for-loop exit label
    %pushi/vec4 0, 0, 9;
    %store/vec4 v0x58cb556a1d30_0, 0, 9;
    %pushi/vec4 0, 0, 32;
    %store/vec4 v0x58cb556a1520_0, 0, 32;
    %pushi/vec4 10, 0, 32;
    %ix/load 4, 0, 0;
    %flag_set/imm 4, 0;
    %store/vec4a v0x58cb556a1460, 4, 0;
    %pushi/vec4 11, 0, 32;
    %ix/load 4, 1, 0;
    %flag_set/imm 4, 0;
    %store/vec4a v0x58cb556a1460, 4, 0;
    %pushi/vec4 15, 0, 6;
    %pushi/vec4 0, 0, 5;
    %pushi/vec4 26, 0, 5;
    %pushi/vec4 1, 0, 16;
    %store/vec4 v0x58cb55691db0_0, 0, 16;
    %store/vec4 v0x58cb55692030_0, 0, 5;
    %store/vec4 v0x58cb55691f50_0, 0, 5;
    %store/vec4 v0x58cb55691e90_0, 0, 6;
    %callf/vec4 TD_tb.ITYPE, S_0x58cb55666cf0;
    %ix/load 4, 0, 0;
    %flag_set/imm 4, 0;
    %store/vec4a v0x58cb556a1c70, 4, 0;
    %pushi/vec4 35, 0, 6;
    %pushi/vec4 26, 0, 5;
    %pushi/vec4 1, 0, 5;
    %pushi/vec4 0, 0, 16;
    %store/vec4 v0x58cb55691db0_0, 0, 16;
    %store/vec4 v0x58cb55692030_0, 0, 5;
    %store/vec4 v0x58cb55691f50_0, 0, 5;
    %store/vec4 v0x58cb55691e90_0, 0, 6;
    %callf/vec4 TD_tb.ITYPE, S_0x58cb55666cf0;
    %ix/load 4, 1, 0;
    %flag_set/imm 4, 0;
    %store/vec4a v0x58cb556a1c70, 4, 0;
    %pushi/vec4 3, 0, 6;
    %pushi/vec4 14, 0, 26;
    %store/vec4 v0x58cb55692440_0, 0, 26;
    %store/vec4 v0x58cb55692520_0, 0, 6;
    %callf/vec4 TD_tb.JTYPE, S_0x58cb55692160;
    %ix/load 4, 2, 0;
    %flag_set/imm 4, 0;
    %store/vec4a v0x58cb556a1c70, 4, 0;
    %pushi/vec4 2, 0, 5;
    %pushi/vec4 0, 0, 5;
    %pushi/vec4 20, 0, 5;
    %pushi/vec4 0, 0, 5;
    %pushi/vec4 32, 0, 6;
    %store/vec4 v0x58cb556928a0_0, 0, 6;
    %store/vec4 v0x58cb55692c50_0, 0, 5;
    %store/vec4 v0x58cb55692980_0, 0, 5;
    %store/vec4 v0x58cb55692b20_0, 0, 5;
    %store/vec4 v0x58cb55692a40_0, 0, 5;
    %callf/vec4 TD_tb.RTYPE, S_0x58cb556925e0;
    %ix/load 4, 3, 0;
    %flag_set/imm 4, 0;
    %store/vec4a v0x58cb556a1c70, 4, 0;
    %pushi/vec4 35, 0, 6;
    %pushi/vec4 26, 0, 5;
    %pushi/vec4 1, 0, 5;
    %pushi/vec4 4, 0, 16;
    %store/vec4 v0x58cb55691db0_0, 0, 16;
    %store/vec4 v0x58cb55692030_0, 0, 5;
    %store/vec4 v0x58cb55691f50_0, 0, 5;
    %store/vec4 v0x58cb55691e90_0, 0, 6;
    %callf/vec4 TD_tb.ITYPE, S_0x58cb55666cf0;
    %ix/load 4, 4, 0;
    %flag_set/imm 4, 0;
    %store/vec4a v0x58cb556a1c70, 4, 0;
    %pushi/vec4 3, 0, 6;
    %pushi/vec4 14, 0, 26;
    %store/vec4 v0x58cb55692440_0, 0, 26;
    %store/vec4 v0x58cb55692520_0, 0, 6;
    %callf/vec4 TD_tb.JTYPE, S_0x58cb55692160;
    %ix/load 4, 5, 0;
    %flag_set/imm 4, 0;
    %store/vec4a v0x58cb556a1c70, 4, 0;
    %pushi/vec4 2, 0, 5;
    %pushi/vec4 0, 0, 5;
    %pushi/vec4 21, 0, 5;
    %pushi/vec4 0, 0, 5;
    %pushi/vec4 32, 0, 6;
    %store/vec4 v0x58cb556928a0_0, 0, 6;
    %store/vec4 v0x58cb55692c50_0, 0, 5;
    %store/vec4 v0x58cb55692980_0, 0, 5;
    %store/vec4 v0x58cb55692b20_0, 0, 5;
    %store/vec4 v0x58cb55692a40_0, 0, 5;
    %callf/vec4 TD_tb.RTYPE, S_0x58cb556925e0;
    %ix/load 4, 6, 0;
    %flag_set/imm 4, 0;
    %store/vec4a v0x58cb556a1c70, 4, 0;
    %pushi/vec4 20, 0, 5;
    %pushi/vec4 21, 0, 5;
    %pushi/vec4 22, 0, 5;
    %pushi/vec4 0, 0, 5;
    %pushi/vec4 24, 0, 6;
    %store/vec4 v0x58cb556928a0_0, 0, 6;
    %store/vec4 v0x58cb55692c50_0, 0, 5;
    %store/vec4 v0x58cb55692980_0, 0, 5;
    %store/vec4 v0x58cb55692b20_0, 0, 5;
    %store/vec4 v0x58cb55692a40_0, 0, 5;
    %callf/vec4 TD_tb.RTYPE, S_0x58cb556925e0;
    %ix/load 4, 7, 0;
    %flag_set/imm 4, 0;
    %store/vec4a v0x58cb556a1c70, 4, 0;
    %pushi/vec4 22, 0, 5;
    %pushi/vec4 0, 0, 5;
    %pushi/vec4 1, 0, 5;
    %pushi/vec4 0, 0, 5;
    %pushi/vec4 32, 0, 6;
    %store/vec4 v0x58cb556928a0_0, 0, 6;
    %store/vec4 v0x58cb55692c50_0, 0, 5;
    %store/vec4 v0x58cb55692980_0, 0, 5;
    %store/vec4 v0x58cb55692b20_0, 0, 5;
    %store/vec4 v0x58cb55692a40_0, 0, 5;
    %callf/vec4 TD_tb.RTYPE, S_0x58cb556925e0;
    %ix/load 4, 8, 0;
    %flag_set/imm 4, 0;
    %store/vec4a v0x58cb556a1c70, 4, 0;
    %pushi/vec4 3, 0, 6;
    %pushi/vec4 28, 0, 26;
    %store/vec4 v0x58cb55692440_0, 0, 26;
    %store/vec4 v0x58cb55692520_0, 0, 6;
    %callf/vec4 TD_tb.JTYPE, S_0x58cb55692160;
    %ix/load 4, 9, 0;
    %flag_set/imm 4, 0;
    %store/vec4a v0x58cb556a1c70, 4, 0;
    %pushi/vec4 2, 0, 6;
    %pushi/vec4 41, 0, 26;
    %store/vec4 v0x58cb55692440_0, 0, 26;
    %store/vec4 v0x58cb55692520_0, 0, 6;
    %callf/vec4 TD_tb.JTYPE, S_0x58cb55692160;
    %ix/load 4, 10, 0;
    %flag_set/imm 4, 0;
    %store/vec4a v0x58cb556a1c70, 4, 0;
    %pushi/vec4 4, 0, 6;
    %pushi/vec4 1, 0, 5;
    %pushi/vec4 0, 0, 5;
    %pushi/vec4 11, 0, 16;
    %store/vec4 v0x58cb55691db0_0, 0, 16;
    %store/vec4 v0x58cb55692030_0, 0, 5;
    %store/vec4 v0x58cb55691f50_0, 0, 5;
    %store/vec4 v0x58cb55691e90_0, 0, 6;
    %callf/vec4 TD_tb.ITYPE, S_0x58cb55666cf0;
    %ix/load 4, 14, 0;
    %flag_set/imm 4, 0;
    %store/vec4a v0x58cb556a1c70, 4, 0;
    %pushi/vec4 8, 0, 6;
    %pushi/vec4 0, 0, 5;
    %pushi/vec4 3, 0, 5;
    %pushi/vec4 0, 0, 16;
    %store/vec4 v0x58cb55691db0_0, 0, 16;
    %store/vec4 v0x58cb55692030_0, 0, 5;
    %store/vec4 v0x58cb55691f50_0, 0, 5;
    %store/vec4 v0x58cb55691e90_0, 0, 6;
    %callf/vec4 TD_tb.ITYPE, S_0x58cb55666cf0;
    %ix/load 4, 15, 0;
    %flag_set/imm 4, 0;
    %store/vec4a v0x58cb556a1c70, 4, 0;
    %pushi/vec4 8, 0, 6;
    %pushi/vec4 0, 0, 5;
    %pushi/vec4 4, 0, 5;
    %pushi/vec4 1, 0, 16;
    %store/vec4 v0x58cb55691db0_0, 0, 16;
    %store/vec4 v0x58cb55692030_0, 0, 5;
    %store/vec4 v0x58cb55691f50_0, 0, 5;
    %store/vec4 v0x58cb55691e90_0, 0, 6;
    %callf/vec4 TD_tb.ITYPE, S_0x58cb55666cf0;
    %ix/load 4, 16, 0;
    %flag_set/imm 4, 0;
    %store/vec4a v0x58cb556a1c70, 4, 0;
    %pushi/vec4 8, 0, 6;
    %pushi/vec4 0, 0, 5;
    %pushi/vec4 5, 0, 5;
    %pushi/vec4 1, 0, 16;
    %store/vec4 v0x58cb55691db0_0, 0, 16;
    %store/vec4 v0x58cb55692030_0, 0, 5;
    %store/vec4 v0x58cb55691f50_0, 0, 5;
    %store/vec4 v0x58cb55691e90_0, 0, 6;
    %callf/vec4 TD_tb.ITYPE, S_0x58cb55666cf0;
    %ix/load 4, 17, 0;
    %flag_set/imm 4, 0;
    %store/vec4a v0x58cb556a1c70, 4, 0;
    %pushi/vec4 4, 0, 6;
    %pushi/vec4 5, 0, 5;
    %pushi/vec4 1, 0, 5;
    %pushi/vec4 5, 0, 16;
    %store/vec4 v0x58cb55691db0_0, 0, 16;
    %store/vec4 v0x58cb55692030_0, 0, 5;
    %store/vec4 v0x58cb55691f50_0, 0, 5;
    %store/vec4 v0x58cb55691e90_0, 0, 6;
    %callf/vec4 TD_tb.ITYPE, S_0x58cb55666cf0;
    %ix/load 4, 18, 0;
    %flag_set/imm 4, 0;
    %store/vec4a v0x58cb556a1c70, 4, 0;
    %pushi/vec4 3, 0, 5;
    %pushi/vec4 4, 0, 5;
    %pushi/vec4 6, 0, 5;
    %pushi/vec4 0, 0, 5;
    %pushi/vec4 32, 0, 6;
    %store/vec4 v0x58cb556928a0_0, 0, 6;
    %store/vec4 v0x58cb55692c50_0, 0, 5;
    %store/vec4 v0x58cb55692980_0, 0, 5;
    %store/vec4 v0x58cb55692b20_0, 0, 5;
    %store/vec4 v0x58cb55692a40_0, 0, 5;
    %callf/vec4 TD_tb.RTYPE, S_0x58cb556925e0;
    %ix/load 4, 19, 0;
    %flag_set/imm 4, 0;
    %store/vec4a v0x58cb556a1c70, 4, 0;
    %pushi/vec4 4, 0, 5;
    %pushi/vec4 0, 0, 5;
    %pushi/vec4 3, 0, 5;
    %pushi/vec4 0, 0, 5;
    %pushi/vec4 32, 0, 6;
    %store/vec4 v0x58cb556928a0_0, 0, 6;
    %store/vec4 v0x58cb55692c50_0, 0, 5;
    %store/vec4 v0x58cb55692980_0, 0, 5;
    %store/vec4 v0x58cb55692b20_0, 0, 5;
    %store/vec4 v0x58cb55692a40_0, 0, 5;
    %callf/vec4 TD_tb.RTYPE, S_0x58cb556925e0;
    %ix/load 4, 20, 0;
    %flag_set/imm 4, 0;
    %store/vec4a v0x58cb556a1c70, 4, 0;
    %pushi/vec4 6, 0, 5;
    %pushi/vec4 0, 0, 5;
    %pushi/vec4 4, 0, 5;
    %pushi/vec4 0, 0, 5;
    %pushi/vec4 32, 0, 6;
    %store/vec4 v0x58cb556928a0_0, 0, 6;
    %store/vec4 v0x58cb55692c50_0, 0, 5;
    %store/vec4 v0x58cb55692980_0, 0, 5;
    %store/vec4 v0x58cb55692b20_0, 0, 5;
    %store/vec4 v0x58cb55692a40_0, 0, 5;
    %callf/vec4 TD_tb.RTYPE, S_0x58cb556925e0;
    %ix/load 4, 21, 0;
    %flag_set/imm 4, 0;
    %store/vec4a v0x58cb556a1c70, 4, 0;
    %pushi/vec4 8, 0, 6;
    %pushi/vec4 5, 0, 5;
    %pushi/vec4 5, 0, 5;
    %pushi/vec4 1, 0, 16;
    %store/vec4 v0x58cb55691db0_0, 0, 16;
    %store/vec4 v0x58cb55692030_0, 0, 5;
    %store/vec4 v0x58cb55691f50_0, 0, 5;
    %store/vec4 v0x58cb55691e90_0, 0, 6;
    %callf/vec4 TD_tb.ITYPE, S_0x58cb55666cf0;
    %ix/load 4, 22, 0;
    %flag_set/imm 4, 0;
    %store/vec4a v0x58cb556a1c70, 4, 0;
    %pushi/vec4 2, 0, 6;
    %pushi/vec4 18, 0, 26;
    %store/vec4 v0x58cb55692440_0, 0, 26;
    %store/vec4 v0x58cb55692520_0, 0, 6;
    %callf/vec4 TD_tb.JTYPE, S_0x58cb55692160;
    %ix/load 4, 23, 0;
    %flag_set/imm 4, 0;
    %store/vec4a v0x58cb556a1c70, 4, 0;
    %pushi/vec4 4, 0, 5;
    %pushi/vec4 0, 0, 5;
    %pushi/vec4 2, 0, 5;
    %pushi/vec4 0, 0, 5;
    %pushi/vec4 32, 0, 6;
    %store/vec4 v0x58cb556928a0_0, 0, 6;
    %store/vec4 v0x58cb55692c50_0, 0, 5;
    %store/vec4 v0x58cb55692980_0, 0, 5;
    %store/vec4 v0x58cb55692b20_0, 0, 5;
    %store/vec4 v0x58cb55692a40_0, 0, 5;
    %callf/vec4 TD_tb.RTYPE, S_0x58cb556925e0;
    %ix/load 4, 24, 0;
    %flag_set/imm 4, 0;
    %store/vec4a v0x58cb556a1c70, 4, 0;
    %pushi/vec4 31, 0, 5;
    %pushi/vec4 0, 0, 5;
    %pushi/vec4 0, 0, 5;
    %pushi/vec4 0, 0, 5;
    %pushi/vec4 8, 0, 6;
    %store/vec4 v0x58cb556928a0_0, 0, 6;
    %store/vec4 v0x58cb55692c50_0, 0, 5;
    %store/vec4 v0x58cb55692980_0, 0, 5;
    %store/vec4 v0x58cb55692b20_0, 0, 5;
    %store/vec4 v0x58cb55692a40_0, 0, 5;
    %callf/vec4 TD_tb.RTYPE, S_0x58cb556925e0;
    %ix/load 4, 25, 0;
    %flag_set/imm 4, 0;
    %store/vec4a v0x58cb556a1c70, 4, 0;
    %pushi/vec4 8, 0, 6;
    %pushi/vec4 0, 0, 5;
    %pushi/vec4 2, 0, 5;
    %pushi/vec4 0, 0, 16;
    %store/vec4 v0x58cb55691db0_0, 0, 16;
    %store/vec4 v0x58cb55692030_0, 0, 5;
    %store/vec4 v0x58cb55691f50_0, 0, 5;
    %store/vec4 v0x58cb55691e90_0, 0, 6;
    %callf/vec4 TD_tb.ITYPE, S_0x58cb55666cf0;
    %ix/load 4, 26, 0;
    %flag_set/imm 4, 0;
    %store/vec4a v0x58cb556a1c70, 4, 0;
    %pushi/vec4 31, 0, 5;
    %pushi/vec4 0, 0, 5;
    %pushi/vec4 0, 0, 5;
    %pushi/vec4 0, 0, 5;
    %pushi/vec4 8, 0, 6;
    %store/vec4 v0x58cb556928a0_0, 0, 6;
    %store/vec4 v0x58cb55692c50_0, 0, 5;
    %store/vec4 v0x58cb55692980_0, 0, 5;
    %store/vec4 v0x58cb55692b20_0, 0, 5;
    %store/vec4 v0x58cb55692a40_0, 0, 5;
    %callf/vec4 TD_tb.RTYPE, S_0x58cb556925e0;
    %ix/load 4, 27, 0;
    %flag_set/imm 4, 0;
    %store/vec4a v0x58cb556a1c70, 4, 0;
    %pushi/vec4 8, 0, 6;
    %pushi/vec4 26, 0, 5;
    %pushi/vec4 10, 0, 5;
    %pushi/vec4 100, 0, 16;
    %store/vec4 v0x58cb55691db0_0, 0, 16;
    %store/vec4 v0x58cb55692030_0, 0, 5;
    %store/vec4 v0x58cb55691f50_0, 0, 5;
    %store/vec4 v0x58cb55691e90_0, 0, 6;
    %callf/vec4 TD_tb.ITYPE, S_0x58cb55666cf0;
    %ix/load 4, 28, 0;
    %flag_set/imm 4, 0;
    %store/vec4a v0x58cb556a1c70, 4, 0;
    %pushi/vec4 8, 0, 6;
    %pushi/vec4 0, 0, 5;
    %pushi/vec4 11, 0, 5;
    %pushi/vec4 3, 0, 16;
    %store/vec4 v0x58cb55691db0_0, 0, 16;
    %store/vec4 v0x58cb55692030_0, 0, 5;
    %store/vec4 v0x58cb55691f50_0, 0, 5;
    %store/vec4 v0x58cb55691e90_0, 0, 6;
    %callf/vec4 TD_tb.ITYPE, S_0x58cb55666cf0;
    %ix/load 4, 29, 0;
    %flag_set/imm 4, 0;
    %store/vec4a v0x58cb556a1c70, 4, 0;
    %pushi/vec4 4, 0, 6;
    %pushi/vec4 1, 0, 5;
    %pushi/vec4 0, 0, 5;
    %pushi/vec4 9, 0, 16;
    %store/vec4 v0x58cb55691db0_0, 0, 16;
    %store/vec4 v0x58cb55692030_0, 0, 5;
    %store/vec4 v0x58cb55691f50_0, 0, 5;
    %store/vec4 v0x58cb55691e90_0, 0, 6;
    %callf/vec4 TD_tb.ITYPE, S_0x58cb55666cf0;
    %ix/load 4, 30, 0;
    %flag_set/imm 4, 0;
    %store/vec4a v0x58cb556a1c70, 4, 0;
    %pushi/vec4 1, 0, 5;
    %pushi/vec4 11, 0, 5;
    %pushi/vec4 12, 0, 5;
    %pushi/vec4 0, 0, 5;
    %pushi/vec4 26, 0, 6;
    %store/vec4 v0x58cb556928a0_0, 0, 6;
    %store/vec4 v0x58cb55692c50_0, 0, 5;
    %store/vec4 v0x58cb55692980_0, 0, 5;
    %store/vec4 v0x58cb55692b20_0, 0, 5;
    %store/vec4 v0x58cb55692a40_0, 0, 5;
    %callf/vec4 TD_tb.RTYPE, S_0x58cb556925e0;
    %ix/load 4, 31, 0;
    %flag_set/imm 4, 0;
    %store/vec4a v0x58cb556a1c70, 4, 0;
    %pushi/vec4 12, 0, 5;
    %pushi/vec4 11, 0, 5;
    %pushi/vec4 13, 0, 5;
    %pushi/vec4 0, 0, 5;
    %pushi/vec4 24, 0, 6;
    %store/vec4 v0x58cb556928a0_0, 0, 6;
    %store/vec4 v0x58cb55692c50_0, 0, 5;
    %store/vec4 v0x58cb55692980_0, 0, 5;
    %store/vec4 v0x58cb55692b20_0, 0, 5;
    %store/vec4 v0x58cb55692a40_0, 0, 5;
    %callf/vec4 TD_tb.RTYPE, S_0x58cb556925e0;
    %ix/load 4, 32, 0;
    %flag_set/imm 4, 0;
    %store/vec4a v0x58cb556a1c70, 4, 0;
    %pushi/vec4 1, 0, 5;
    %pushi/vec4 13, 0, 5;
    %pushi/vec4 14, 0, 5;
    %pushi/vec4 0, 0, 5;
    %pushi/vec4 34, 0, 6;
    %store/vec4 v0x58cb556928a0_0, 0, 6;
    %store/vec4 v0x58cb55692c50_0, 0, 5;
    %store/vec4 v0x58cb55692980_0, 0, 5;
    %store/vec4 v0x58cb55692b20_0, 0, 5;
    %store/vec4 v0x58cb55692a40_0, 0, 5;
    %callf/vec4 TD_tb.RTYPE, S_0x58cb556925e0;
    %ix/load 4, 33, 0;
    %flag_set/imm 4, 0;
    %store/vec4a v0x58cb556a1c70, 4, 0;
    %pushi/vec4 43, 0, 6;
    %pushi/vec4 10, 0, 5;
    %pushi/vec4 14, 0, 5;
    %pushi/vec4 0, 0, 16;
    %store/vec4 v0x58cb55691db0_0, 0, 16;
    %store/vec4 v0x58cb55692030_0, 0, 5;
    %store/vec4 v0x58cb55691f50_0, 0, 5;
    %store/vec4 v0x58cb55691e90_0, 0, 6;
    %callf/vec4 TD_tb.ITYPE, S_0x58cb55666cf0;
    %ix/load 4, 34, 0;
    %flag_set/imm 4, 0;
    %store/vec4a v0x58cb556a1c70, 4, 0;
    %pushi/vec4 8, 0, 6;
    %pushi/vec4 10, 0, 5;
    %pushi/vec4 10, 0, 5;
    %pushi/vec4 4, 0, 16;
    %store/vec4 v0x58cb55691db0_0, 0, 16;
    %store/vec4 v0x58cb55692030_0, 0, 5;
    %store/vec4 v0x58cb55691f50_0, 0, 5;
    %store/vec4 v0x58cb55691e90_0, 0, 6;
    %callf/vec4 TD_tb.ITYPE, S_0x58cb55666cf0;
    %ix/load 4, 35, 0;
    %flag_set/imm 4, 0;
    %store/vec4a v0x58cb556a1c70, 4, 0;
    %pushi/vec4 12, 0, 5;
    %pushi/vec4 0, 0, 5;
    %pushi/vec4 1, 0, 5;
    %pushi/vec4 0, 0, 5;
    %pushi/vec4 32, 0, 6;
    %store/vec4 v0x58cb556928a0_0, 0, 6;
    %store/vec4 v0x58cb55692c50_0, 0, 5;
    %store/vec4 v0x58cb55692980_0, 0, 5;
    %store/vec4 v0x58cb55692b20_0, 0, 5;
    %store/vec4 v0x58cb55692a40_0, 0, 5;
    %callf/vec4 TD_tb.RTYPE, S_0x58cb556925e0;
    %ix/load 4, 36, 0;
    %flag_set/imm 4, 0;
    %store/vec4a v0x58cb556a1c70, 4, 0;
    %pushi/vec4 2, 0, 6;
    %pushi/vec4 30, 0, 26;
    %store/vec4 v0x58cb55692440_0, 0, 26;
    %store/vec4 v0x58cb55692520_0, 0, 6;
    %callf/vec4 TD_tb.JTYPE, S_0x58cb55692160;
    %ix/load 4, 37, 0;
    %flag_set/imm 4, 0;
    %store/vec4a v0x58cb556a1c70, 4, 0;
    %pushi/vec4 31, 0, 5;
    %pushi/vec4 0, 0, 5;
    %pushi/vec4 0, 0, 5;
    %pushi/vec4 0, 0, 5;
    %pushi/vec4 8, 0, 6;
    %store/vec4 v0x58cb556928a0_0, 0, 6;
    %store/vec4 v0x58cb55692c50_0, 0, 5;
    %store/vec4 v0x58cb55692980_0, 0, 5;
    %store/vec4 v0x58cb55692b20_0, 0, 5;
    %store/vec4 v0x58cb55692a40_0, 0, 5;
    %callf/vec4 TD_tb.RTYPE, S_0x58cb556925e0;
    %ix/load 4, 40, 0;
    %flag_set/imm 4, 0;
    %store/vec4a v0x58cb556a1c70, 4, 0;
    %pushi/vec4 8, 0, 6;
    %pushi/vec4 0, 0, 5;
    %pushi/vec4 30, 0, 5;
    %pushi/vec4 123, 0, 16;
    %store/vec4 v0x58cb55691db0_0, 0, 16;
    %store/vec4 v0x58cb55692030_0, 0, 5;
    %store/vec4 v0x58cb55691f50_0, 0, 5;
    %store/vec4 v0x58cb55691e90_0, 0, 6;
    %callf/vec4 TD_tb.ITYPE, S_0x58cb55666cf0;
    %ix/load 4, 41, 0;
    %flag_set/imm 4, 0;
    %store/vec4a v0x58cb556a1c70, 4, 0;
    %pushi/vec4 42, 0, 32;
    %store/vec4 v0x58cb556a1fb0_0, 0, 32;
    %pushi/vec4 1, 0, 1;
    %store/vec4 v0x58cb556a2620_0, 0, 1;
    %delay 8, 0;
    %pushi/vec4 0, 0, 1;
    %store/vec4 v0x58cb556a2620_0, 0, 1;
    %pushi/vec4 0, 0, 32;
    %store/vec4 v0x58cb556a1650_0, 0, 32;
T_17.6 ; Top of for-loop
    %load/vec4 v0x58cb556a1d30_0;
    %pad/u 32;
    %load/vec4 v0x58cb556a1fb0_0;
    %cmp/u;
    %flag_get/vec4 5;
    %jmp/0 T_17.9, 5;
    %load/vec4 v0x58cb556a1520_0;
    %nor/r;
    %and;
T_17.9;
    %flag_set/vec4 8;
	  %jmp/0xz T_17.7, 8;
    %fork TD_tb.exec_internal, S_0x58cb556a0230;
    %join;
    %delay 2, 0;
T_17.10 ;
    %load/vec4 v0x58cb556a2440_0;
    %load/vec4 v0x58cb556a1d30_0;
    %pad/u 32;
    %cmp/ne;
    %jmp/0xz T_17.11, 6;
    %delay 2, 0;
    %jmp T_17.10;
T_17.11 ;
    %pushi/vec4 1, 0, 32;
    %store/vec4 v0x58cb556a1ed0_0, 0, 32;
T_17.12 ; Top of for-loop
    %load/vec4 v0x58cb556a1ed0_0;
    %cmpi/s 32, 0, 32;
	  %jmp/0xz T_17.13, 5;
    %ix/getv/s 4, v0x58cb556a1ed0_0;
    %load/vec4a v0x58cb556a0820, 4;
    %ix/getv/s 4, v0x58cb556a1ed0_0;
    %load/vec4a v0x58cb556a1e10, 4;
    %cmp/ne;
    %jmp/0xz  T_17.15, 6;
    %pushi/vec4 1, 0, 32;
    %store/vec4 v0x58cb556a1520_0, 0, 32;
T_17.15 ;
T_17.14 ; for-loop step statement
    %load/vec4 v0x58cb556a1ed0_0;
    %addi 1, 0, 32;
    %store/vec4 v0x58cb556a1ed0_0, 0, 32;
    %jmp T_17.12;
T_17.13 ; for-loop exit label
    %load/vec4 v0x58cb556a1520_0;
    %cmpi/ne 0, 0, 32;
    %jmp/0xz  T_17.17, 4;
    %vpi_call/w 3 286 "$display", "FAILED at step %0d", v0x58cb556a1650_0 {0 0 0};
    %vpi_call/w 3 287 "$display", "Expected:" {0 0 0};
    %vpi_call/w 3 288 "$display", "R20=%d R21=%d R22=%d R23=%d R24=%d R30=%d R31=%d", &A<v0x58cb556a1e10, 20>, &A<v0x58cb556a1e10, 21>, &A<v0x58cb556a1e10, 22>, &A<v0x58cb556a1e10, 23>, &A<v0x58cb556a1e10, 24>, &A<v0x58cb556a1e10, 30>, &A<v0x58cb556a1e10, 31> {0 0 0};
    %vpi_call/w 3 291 "$display", "Reality:" {0 0 0};
    %vpi_call/w 3 292 "$display", "R20=%d R21=%d R22=%d R23=%d R24=%d R30=%d R31=%d", v0x58cb556a0820_20, v0x58cb556a0820_21, v0x58cb556a0820_22, v0x58cb556a0820_23, v0x58cb556a0820_24, v0x58cb556a0820_30, v0x58cb556a0820_31 {0 0 0};
T_17.17 ;
T_17.8 ; for-loop step statement
    %load/vec4 v0x58cb556a1650_0;
    %addi 1, 0, 32;
    %store/vec4 v0x58cb556a1650_0, 0, 32;
    %jmp T_17.6;
T_17.7 ; for-loop exit label
    %load/vec4 v0x58cb556a1520_0;
    %nor/r;
    %flag_set/vec4 8;
    %jmp/0xz  T_17.19, 8;
    %ix/load 4, 0, 0;
    %flag_set/imm 4, 0;
    %load/vec4a v0x58cb556a2580, 4;
    %cmpi/ne 2, 0, 32;
    %jmp/0xz  T_17.21, 6;
    %pushi/vec4 1, 0, 32;
    %store/vec4 v0x58cb556a1520_0, 0, 32;
T_17.21 ;
    %ix/load 4, 1, 0;
    %flag_set/imm 4, 0;
    %load/vec4a v0x58cb556a2580, 4;
    %cmpi/ne 2, 0, 32;
    %jmp/0xz  T_17.23, 6;
    %pushi/vec4 1, 0, 32;
    %store/vec4 v0x58cb556a1520_0, 0, 32;
T_17.23 ;
    %ix/load 4, 2, 0;
    %flag_set/imm 4, 0;
    %load/vec4a v0x58cb556a2580, 4;
    %cmpi/ne 0, 0, 32;
    %jmp/0xz  T_17.25, 6;
    %pushi/vec4 1, 0, 32;
    %store/vec4 v0x58cb556a1520_0, 0, 32;
T_17.25 ;
    %ix/load 4, 3, 0;
    %flag_set/imm 4, 0;
    %load/vec4a v0x58cb556a2580, 4;
    %cmpi/ne 1, 0, 32;
    %jmp/0xz  T_17.27, 6;
    %pushi/vec4 1, 0, 32;
    %store/vec4 v0x58cb556a1520_0, 0, 32;
T_17.27 ;
    %ix/load 4, 4, 0;
    %flag_set/imm 4, 0;
    %load/vec4a v0x58cb556a2580, 4;
    %cmpi/ne 0, 0, 32;
    %jmp/0xz  T_17.29, 6;
    %pushi/vec4 1, 0, 32;
    %store/vec4 v0x58cb556a1520_0, 0, 32;
T_17.29 ;
    %ix/load 4, 5, 0;
    %flag_set/imm 4, 0;
    %load/vec4a v0x58cb556a2580, 4;
    %cmpi/ne 2, 0, 32;
    %jmp/0xz  T_17.31, 6;
    %pushi/vec4 1, 0, 32;
    %store/vec4 v0x58cb556a1520_0, 0, 32;
T_17.31 ;
    %ix/load 4, 6, 0;
    %flag_set/imm 4, 0;
    %load/vec4a v0x58cb556a2580, 4;
    %cmpi/ne 0, 0, 32;
    %jmp/0xz  T_17.33, 6;
    %pushi/vec4 1, 0, 32;
    %store/vec4 v0x58cb556a1520_0, 0, 32;
T_17.33 ;
    %ix/load 4, 7, 0;
    %flag_set/imm 4, 0;
    %load/vec4a v0x58cb556a2580, 4;
    %cmpi/ne 2, 0, 32;
    %jmp/0xz  T_17.35, 6;
    %pushi/vec4 1, 0, 32;
    %store/vec4 v0x58cb556a1520_0, 0, 32;
T_17.35 ;
T_17.19 ;
    %vpi_call/w 3 308 "$display", "fib(10) = exp: %0d  real: %0d", &A<v0x58cb556a1e10, 20>, v0x58cb556a0820_20 {0 0 0};
    %vpi_call/w 3 309 "$display", "fib(11) = exp: %0d  real: %0d", &A<v0x58cb556a1e10, 21>, v0x58cb556a0820_21 {0 0 0};
    %vpi_call/w 3 310 "$display", "product = exp: %0d  real: %0d", &A<v0x58cb556a1e10, 22>, v0x58cb556a0820_22 {0 0 0};
    %vpi_call/w 3 311 "$display", "base3 digits LSD first:" {0 0 0};
    %vpi_call/w 3 312 "$display", "%0d %0d %0d %0d %0d %0d %0d %0d", &A<v0x58cb556a2580, 0>, &A<v0x58cb556a2580, 1>, &A<v0x58cb556a2580, 2>, &A<v0x58cb556a2580, 3>, &A<v0x58cb556a2580, 4>, &A<v0x58cb556a2580, 5>, &A<v0x58cb556a2580, 6>, &A<v0x58cb556a2580, 7> {0 0 0};
    %vpi_call/w 3 315 "$display", "base3 = 20201022" {0 0 0};
    %load/vec4 v0x58cb556a1520_0;
    %nor/r;
    %flag_set/vec4 8;
    %jmp/0xz  T_17.37, 8;
    %vpi_call/w 3 318 "$display", "ACCEPTED" {0 0 0};
    %jmp T_17.38;
T_17.37 ;
    %vpi_call/w 3 320 "$display", "FAILED" {0 0 0};
T_17.38 ;
    %vpi_call/w 3 322 "$display", v0x58cb556a1650_0, " / ", 32'sb00000000000000000000000011010000 {0 0 0};
    %vpi_call/w 3 324 "$finish" {0 0 0};
    %end;
    .thread T_17;
# The file index is used to find the file name in the following table.
:file_names 5;
    "N/A";
    "<interactive>";
    "-";
    "HW5/tb.v";
    "../5/HW5-403106681.v";
