#! /usr/local/bin/vvp
:ivl_version "13.0 (stable)" "(v13_0-dirty)";
:ivl_delay_selection "TYPICAL";
:vpi_time_precision + 0;
:vpi_module "/usr/local/lib/ivl/system.vpi";
:vpi_module "/usr/local/lib/ivl/vhdl_sys.vpi";
:vpi_module "/usr/local/lib/ivl/vhdl_textio.vpi";
:vpi_module "/usr/local/lib/ivl/v2005_math.vpi";
:vpi_module "/usr/local/lib/ivl/va_math.vpi";
:vpi_module "/usr/local/lib/ivl/v2009.vpi";
S_0x55a6f6bd2480 .scope package, "$unit" "$unit" 2 1;
 .timescale 0 0;
S_0x55a6f6bd9150 .scope module, "tb" "tb" 3 1;
 .timescale 0 0;
v0x55a6f6c09c10_0 .var "clk", 0 0;
v0x55a6f6c09cd0_0 .var "cpu_addr", 31 0;
v0x55a6f6c09d70_0 .var "cpu_data_in", 31 0;
v0x55a6f6c09e40_0 .net "cpu_data_out", 31 0, L_0x55a6f6c10950;  1 drivers
v0x55a6f6c09f10_0 .net "cpu_done", 0 0, L_0x55a6f6c0f280;  1 drivers
v0x55a6f6c0a000_0 .var "cpu_read", 0 0;
v0x55a6f6c0a0d0_0 .var "cpu_write", 0 0;
v0x55a6f6c0a1a0_0 .var/i "failed_evals", 31 0;
v0x55a6f6c0a240_0 .var/i "i", 31 0;
v0x55a6f6c0a2e0_0 .net "mm_addr", 31 0, L_0x55a6f6c0dae0;  1 drivers
v0x55a6f6c0a3b0_0 .var "mm_data_in", 127 0;
v0x55a6f6c0a480_0 .net "mm_data_out", 127 0, L_0x55a6f6c0b850;  1 drivers
v0x55a6f6c0a550_0 .var "mm_done", 0 0;
v0x55a6f6c0a620 .array "mm_lines", 1023 0, 127 0;
v0x55a6f6c0a6c0_0 .net "mm_read", 0 0, L_0x55a6f6c0e070;  1 drivers
v0x55a6f6c0a790_0 .net "mm_write", 0 0, L_0x55a6f6c0e1d0;  1 drivers
v0x55a6f6c0a860_0 .var/i "rnd_addr", 31 0;
v0x55a6f6c0a900_0 .var "rst", 0 0;
v0x55a6f6c0a9d0_0 .var/i "total_evals", 31 0;
E_0x55a6f6bac2b0 .event posedge, v0x55a6f6c033a0_0;
S_0x55a6f6bd2060 .scope begin, "$ivl_foreach0" "$ivl_foreach0" 3 63, 3 63 0, S_0x55a6f6bd9150;
 .timescale 0 0;
v0x55a6f6bb2740_0 .var/2s "i", 31 0;
S_0x55a6f6c02640 .scope module, "_main" "main" 3 35, 4 1 0, S_0x55a6f6bd9150;
 .timescale 0 0;
    .port_info 0 /INPUT 1 "Clk";
    .port_info 1 /INPUT 1 "Rst";
    .port_info 2 /INPUT 1 "CPU_Write";
    .port_info 3 /INPUT 1 "CPU_Read";
    .port_info 4 /INPUT 1 "MM_Done";
    .port_info 5 /INPUT 32 "CPU_DataIn";
    .port_info 6 /INPUT 32 "CPU_Addr";
    .port_info 7 /INPUT 128 "MM_DataIn";
    .port_info 8 /OUTPUT 1 "CPU_Done";
    .port_info 9 /OUTPUT 1 "MM_Write";
    .port_info 10 /OUTPUT 1 "MM_Read";
    .port_info 11 /OUTPUT 32 "CPU_DataOut";
    .port_info 12 /OUTPUT 32 "MM_Addr";
    .port_info 13 /OUTPUT 128 "MM_DataOut";
P_0x55a6f6c02840 .param/l "ALLOC_REQ" 1 4 33, C4<011>;
P_0x55a6f6c02880 .param/l "ALLOC_WAIT" 1 4 34, C4<100>;
P_0x55a6f6c028c0 .param/l "IDLE" 1 4 30, C4<000>;
P_0x55a6f6c02900 .param/l "READ_REQ" 1 4 31, C4<001>;
P_0x55a6f6c02940 .param/l "READ_WAIT" 1 4 32, C4<010>;
P_0x55a6f6c02980 .param/l "WRITE_REQ" 1 4 35, C4<101>;
P_0x55a6f6c029c0 .param/l "WRITE_WAIT" 1 4 36, C4<110>;
L_0x55a6f6be51a0 .functor AND 1, L_0x55a6f6c0af20, L_0x55a6f6c0b2d0, C4<1>, C4<1>;
L_0x55a6f6c0b650 .functor BUFZ 128, L_0x55a6f6c0b4b0, C4<00000000000000000000000000000000000000000000000000000000000000000000000000000000000000000000000000000000000000000000000000000000>, C4<00000000000000000000000000000000000000000000000000000000000000000000000000000000000000000000000000000000000000000000000000000000>, C4<00000000000000000000000000000000000000000000000000000000000000000000000000000000000000000000000000000000000000000000000000000000>;
L_0x55a6f6c0ba00 .functor AND 1, L_0x55a6f6c0b760, L_0x55a6f6c0b8c0, C4<1>, C4<1>;
L_0x55a6f6c0b850 .functor BUFZ 128, L_0x55a6f6c0d790, C4<00000000000000000000000000000000000000000000000000000000000000000000000000000000000000000000000000000000000000000000000000000000>, C4<00000000000000000000000000000000000000000000000000000000000000000000000000000000000000000000000000000000000000000000000000000000>, C4<00000000000000000000000000000000000000000000000000000000000000000000000000000000000000000000000000000000000000000000000000000000>;
L_0x55a6f6c0e070 .functor OR 1, L_0x55a6f6c0dd10, L_0x55a6f6c0df80, C4<0>, C4<0>;
L_0x55a6f6c0e400 .functor AND 1, L_0x55a6f6c0de50, L_0x55a6f6be51a0, C4<1>, C4<1>;
L_0x55a6f6c0e750 .functor AND 1, L_0x55a6f6c0e400, L_0x55a6f6c0e510, C4<1>, C4<1>;
L_0x55a6f6c0eba0 .functor AND 1, L_0x55a6f6c0e860, L_0x55a6f6c0e950, C4<1>, C4<1>;
L_0x55a6f6c0ed00 .functor OR 1, L_0x55a6f6c0e750, L_0x55a6f6c0eba0, C4<0>, C4<0>;
L_0x55a6f6c0f110 .functor AND 1, L_0x55a6f6c0ee10, L_0x55a6f6c0ef00, C4<1>, C4<1>;
L_0x55a6f6c0f280 .functor OR 1, L_0x55a6f6c0ed00, L_0x55a6f6c0f110, C4<0>, C4<0>;
v0x55a6f6bb4af0_0 .net "CPU_Addr", 31 0, v0x55a6f6c09cd0_0;  1 drivers
v0x55a6f6c02f70_0 .net "CPU_DataIn", 31 0, v0x55a6f6c09d70_0;  1 drivers
v0x55a6f6c03050_0 .net "CPU_DataOut", 31 0, L_0x55a6f6c10950;  alias, 1 drivers
v0x55a6f6c03110_0 .net "CPU_Done", 0 0, L_0x55a6f6c0f280;  alias, 1 drivers
v0x55a6f6c031d0_0 .net "CPU_Read", 0 0, v0x55a6f6c0a000_0;  1 drivers
v0x55a6f6c032e0_0 .net "CPU_Write", 0 0, v0x55a6f6c0a0d0_0;  1 drivers
v0x55a6f6c033a0_0 .net "Clk", 0 0, v0x55a6f6c09c10_0;  1 drivers
v0x55a6f6c03460 .array "Data_arr", 63 0, 127 0;
v0x55a6f6c03520_0 .net "MM_Addr", 31 0, L_0x55a6f6c0dae0;  alias, 1 drivers
v0x55a6f6c03600_0 .net "MM_DataIn", 127 0, v0x55a6f6c0a3b0_0;  1 drivers
v0x55a6f6c036e0_0 .net "MM_DataOut", 127 0, L_0x55a6f6c0b850;  alias, 1 drivers
v0x55a6f6c037c0_0 .net "MM_Done", 0 0, v0x55a6f6c0a550_0;  1 drivers
v0x55a6f6c03880_0 .net "MM_Read", 0 0, L_0x55a6f6c0e070;  alias, 1 drivers
v0x55a6f6c03940_0 .net "MM_Write", 0 0, L_0x55a6f6c0e1d0;  alias, 1 drivers
v0x55a6f6c03a00_0 .net "Rst", 0 0, v0x55a6f6c0a900_0;  1 drivers
v0x55a6f6c03ac0_0 .net *"_ivl_100", 0 0, L_0x55a6f6c0dd10;  1 drivers
L_0x738a171b7330 .functor BUFT 1, C4<011>, C4<0>, C4<0>, C4<0>;
v0x55a6f6c03b80_0 .net/2u *"_ivl_102", 2 0, L_0x738a171b7330;  1 drivers
v0x55a6f6c03c60_0 .net *"_ivl_104", 0 0, L_0x55a6f6c0df80;  1 drivers
L_0x738a171b7378 .functor BUFT 1, C4<101>, C4<0>, C4<0>, C4<0>;
v0x55a6f6c03d20_0 .net/2u *"_ivl_108", 2 0, L_0x738a171b7378;  1 drivers
L_0x738a171b7018 .functor BUFT 1, C4<00>, C4<0>, C4<0>, C4<0>;
v0x55a6f6c03e00_0 .net *"_ivl_11", 1 0, L_0x738a171b7018;  1 drivers
L_0x738a171b73c0 .functor BUFT 1, C4<000>, C4<0>, C4<0>, C4<0>;
v0x55a6f6c03ee0_0 .net/2u *"_ivl_112", 2 0, L_0x738a171b73c0;  1 drivers
v0x55a6f6c03fc0_0 .net *"_ivl_114", 0 0, L_0x55a6f6c0de50;  1 drivers
v0x55a6f6c04080_0 .net *"_ivl_117", 0 0, L_0x55a6f6c0e400;  1 drivers
v0x55a6f6c04140_0 .net *"_ivl_119", 0 0, L_0x55a6f6c0e510;  1 drivers
L_0x738a171b7060 .functor BUFT 1, C4<1>, C4<0>, C4<0>, C4<0>;
v0x55a6f6c04200_0 .net/2u *"_ivl_12", 0 0, L_0x738a171b7060;  1 drivers
v0x55a6f6c042e0_0 .net *"_ivl_121", 0 0, L_0x55a6f6c0e750;  1 drivers
L_0x738a171b7408 .functor BUFT 1, C4<010>, C4<0>, C4<0>, C4<0>;
v0x55a6f6c043a0_0 .net/2u *"_ivl_122", 2 0, L_0x738a171b7408;  1 drivers
v0x55a6f6c04480_0 .net *"_ivl_124", 0 0, L_0x55a6f6c0e860;  1 drivers
L_0x738a171b7450 .functor BUFT 1, C4<1>, C4<0>, C4<0>, C4<0>;
v0x55a6f6c04540_0 .net/2u *"_ivl_126", 0 0, L_0x738a171b7450;  1 drivers
v0x55a6f6c04620_0 .net *"_ivl_128", 0 0, L_0x55a6f6c0e950;  1 drivers
v0x55a6f6c046e0_0 .net *"_ivl_131", 0 0, L_0x55a6f6c0eba0;  1 drivers
v0x55a6f6c047a0_0 .net *"_ivl_133", 0 0, L_0x55a6f6c0ed00;  1 drivers
L_0x738a171b7498 .functor BUFT 1, C4<110>, C4<0>, C4<0>, C4<0>;
v0x55a6f6c04860_0 .net/2u *"_ivl_134", 2 0, L_0x738a171b7498;  1 drivers
v0x55a6f6c04940_0 .net *"_ivl_136", 0 0, L_0x55a6f6c0ee10;  1 drivers
L_0x738a171b74e0 .functor BUFT 1, C4<1>, C4<0>, C4<0>, C4<0>;
v0x55a6f6c04a00_0 .net/2u *"_ivl_138", 0 0, L_0x738a171b74e0;  1 drivers
v0x55a6f6c04ae0_0 .net *"_ivl_14", 0 0, L_0x55a6f6c0af20;  1 drivers
v0x55a6f6c04ba0_0 .net *"_ivl_140", 0 0, L_0x55a6f6c0ef00;  1 drivers
v0x55a6f6c04c60_0 .net *"_ivl_143", 0 0, L_0x55a6f6c0f110;  1 drivers
v0x55a6f6c04d20_0 .net *"_ivl_155", 1 0, L_0x55a6f6c0fa00;  1 drivers
L_0x738a171b7528 .functor BUFT 1, C4<00>, C4<0>, C4<0>, C4<0>;
v0x55a6f6c04e00_0 .net/2u *"_ivl_156", 1 0, L_0x738a171b7528;  1 drivers
v0x55a6f6c04ee0_0 .net *"_ivl_158", 0 0, L_0x55a6f6c0faa0;  1 drivers
v0x55a6f6c04fa0_0 .net *"_ivl_16", 21 0, L_0x55a6f6c0b0a0;  1 drivers
v0x55a6f6c05080_0 .net *"_ivl_161", 1 0, L_0x55a6f6c0fd30;  1 drivers
L_0x738a171b7570 .functor BUFT 1, C4<01>, C4<0>, C4<0>, C4<0>;
v0x55a6f6c05160_0 .net/2u *"_ivl_162", 1 0, L_0x738a171b7570;  1 drivers
v0x55a6f6c05240_0 .net *"_ivl_164", 0 0, L_0x55a6f6c0fdd0;  1 drivers
v0x55a6f6c05300_0 .net *"_ivl_167", 1 0, L_0x55a6f6c100c0;  1 drivers
L_0x738a171b75b8 .functor BUFT 1, C4<10>, C4<0>, C4<0>, C4<0>;
v0x55a6f6c053e0_0 .net/2u *"_ivl_168", 1 0, L_0x738a171b75b8;  1 drivers
v0x55a6f6c054c0_0 .net *"_ivl_170", 0 0, L_0x55a6f6c10160;  1 drivers
v0x55a6f6c05580_0 .net *"_ivl_172", 31 0, L_0x55a6f6c10460;  1 drivers
v0x55a6f6c05660_0 .net *"_ivl_174", 31 0, L_0x55a6f6c105f0;  1 drivers
v0x55a6f6c05740_0 .net *"_ivl_18", 7 0, L_0x55a6f6c0b140;  1 drivers
L_0x738a171b70a8 .functor BUFT 1, C4<00>, C4<0>, C4<0>, C4<0>;
v0x55a6f6c05820_0 .net *"_ivl_21", 1 0, L_0x738a171b70a8;  1 drivers
v0x55a6f6c05900_0 .net *"_ivl_22", 0 0, L_0x55a6f6c0b2d0;  1 drivers
v0x55a6f6c059c0_0 .net *"_ivl_26", 127 0, L_0x55a6f6c0b4b0;  1 drivers
v0x55a6f6c05aa0_0 .net *"_ivl_28", 7 0, L_0x55a6f6c0b5b0;  1 drivers
L_0x738a171b70f0 .functor BUFT 1, C4<00>, C4<0>, C4<0>, C4<0>;
v0x55a6f6c05b80_0 .net *"_ivl_31", 1 0, L_0x738a171b70f0;  1 drivers
L_0x738a171b7138 .functor BUFT 1, C4<010>, C4<0>, C4<0>, C4<0>;
v0x55a6f6c05c60_0 .net/2u *"_ivl_34", 2 0, L_0x738a171b7138;  1 drivers
v0x55a6f6c05d40_0 .net *"_ivl_36", 0 0, L_0x55a6f6c0b760;  1 drivers
L_0x738a171b7180 .functor BUFT 1, C4<1>, C4<0>, C4<0>, C4<0>;
v0x55a6f6c05e00_0 .net/2u *"_ivl_38", 0 0, L_0x738a171b7180;  1 drivers
v0x55a6f6c05ee0_0 .net *"_ivl_40", 0 0, L_0x55a6f6c0b8c0;  1 drivers
v0x55a6f6c05fa0_0 .net *"_ivl_43", 0 0, L_0x55a6f6c0ba00;  1 drivers
v0x55a6f6c06060_0 .net *"_ivl_47", 1 0, L_0x55a6f6c0bd20;  1 drivers
L_0x738a171b71c8 .functor BUFT 1, C4<00>, C4<0>, C4<0>, C4<0>;
v0x55a6f6c06140_0 .net/2u *"_ivl_48", 1 0, L_0x738a171b71c8;  1 drivers
v0x55a6f6c06220_0 .net *"_ivl_50", 0 0, L_0x55a6f6c0be10;  1 drivers
v0x55a6f6c062e0_0 .net *"_ivl_53", 95 0, L_0x55a6f6c0bfe0;  1 drivers
v0x55a6f6c067d0_0 .net *"_ivl_54", 127 0, L_0x55a6f6c0c080;  1 drivers
v0x55a6f6c068b0_0 .net *"_ivl_57", 1 0, L_0x55a6f6c0c260;  1 drivers
L_0x738a171b7210 .functor BUFT 1, C4<01>, C4<0>, C4<0>, C4<0>;
v0x55a6f6c06990_0 .net/2u *"_ivl_58", 1 0, L_0x738a171b7210;  1 drivers
v0x55a6f6c06a70_0 .net *"_ivl_6", 0 0, L_0x55a6f6c0acb0;  1 drivers
v0x55a6f6c06b50_0 .net *"_ivl_60", 0 0, L_0x55a6f6c0c300;  1 drivers
v0x55a6f6c06c10_0 .net *"_ivl_63", 63 0, L_0x55a6f6c0c1c0;  1 drivers
v0x55a6f6c06cf0_0 .net *"_ivl_65", 31 0, L_0x55a6f6c0c4f0;  1 drivers
v0x55a6f6c06dd0_0 .net *"_ivl_66", 127 0, L_0x55a6f6c0c650;  1 drivers
v0x55a6f6c06eb0_0 .net *"_ivl_69", 1 0, L_0x55a6f6c0c770;  1 drivers
L_0x738a171b7258 .functor BUFT 1, C4<10>, C4<0>, C4<0>, C4<0>;
v0x55a6f6c06f90_0 .net/2u *"_ivl_70", 1 0, L_0x738a171b7258;  1 drivers
v0x55a6f6c07070_0 .net *"_ivl_72", 0 0, L_0x55a6f6c0ca00;  1 drivers
v0x55a6f6c07130_0 .net *"_ivl_75", 31 0, L_0x55a6f6c0cad0;  1 drivers
v0x55a6f6c07210_0 .net *"_ivl_77", 63 0, L_0x55a6f6c0cc50;  1 drivers
v0x55a6f6c072f0_0 .net *"_ivl_78", 127 0, L_0x55a6f6c0ccf0;  1 drivers
v0x55a6f6c073d0_0 .net *"_ivl_8", 7 0, L_0x55a6f6c0ade0;  1 drivers
v0x55a6f6c074b0_0 .net *"_ivl_81", 95 0, L_0x55a6f6c0cfc0;  1 drivers
v0x55a6f6c07590_0 .net *"_ivl_82", 127 0, L_0x55a6f6c0d170;  1 drivers
v0x55a6f6c07670_0 .net *"_ivl_84", 127 0, L_0x55a6f6c0d360;  1 drivers
v0x55a6f6c07750_0 .net *"_ivl_86", 127 0, L_0x55a6f6c0d4f0;  1 drivers
v0x55a6f6c07830_0 .net *"_ivl_91", 27 0, L_0x55a6f6c0d920;  1 drivers
L_0x738a171b72a0 .functor BUFT 1, C4<0000>, C4<0>, C4<0>, C4<0>;
v0x55a6f6c07910_0 .net/2u *"_ivl_92", 3 0, L_0x738a171b72a0;  1 drivers
L_0x738a171b72e8 .functor BUFT 1, C4<001>, C4<0>, C4<0>, C4<0>;
v0x55a6f6c079f0_0 .net/2u *"_ivl_98", 2 0, L_0x738a171b72e8;  1 drivers
v0x55a6f6c07ad0_0 .net "active_data", 127 0, L_0x55a6f6c0bb10;  1 drivers
v0x55a6f6c07bb0_0 .net "cache_hit", 0 0, L_0x55a6f6be51a0;  1 drivers
v0x55a6f6c07c70_0 .net "current_data", 127 0, L_0x55a6f6c0b650;  1 drivers
v0x55a6f6c07d50_0 .var/i "i", 31 0;
v0x55a6f6c07e30_0 .net "ind", 5 0, L_0x55a6f6c0ab40;  1 drivers
v0x55a6f6c07f10_0 .net "offset", 3 0, L_0x55a6f6c0aa70;  1 drivers
v0x55a6f6c07ff0_0 .var "state", 2 0;
v0x55a6f6c080d0_0 .net "tag", 21 0, L_0x55a6f6c0abe0;  1 drivers
v0x55a6f6c081b0 .array "tag_arr", 63 0, 21 0;
v0x55a6f6c08270_0 .net "updated_block", 127 0, L_0x55a6f6c0d790;  1 drivers
v0x55a6f6c08350 .array "valid_arr", 63 0, 0 0;
v0x55a6f6c083f0_0 .net "word_0", 31 0, L_0x55a6f6c0f390;  1 drivers
v0x55a6f6c084d0_0 .net "word_1", 31 0, L_0x55a6f6c0f480;  1 drivers
v0x55a6f6c085b0_0 .net "word_2", 31 0, L_0x55a6f6c0f6a0;  1 drivers
v0x55a6f6c08690_0 .net "word_3", 31 0, L_0x55a6f6c0f7d0;  1 drivers
E_0x55a6f6bac9a0 .event posedge, v0x55a6f6c03a00_0, v0x55a6f6c033a0_0;
L_0x55a6f6c0aa70 .part v0x55a6f6c09cd0_0, 0, 4;
L_0x55a6f6c0ab40 .part v0x55a6f6c09cd0_0, 4, 6;
L_0x55a6f6c0abe0 .part v0x55a6f6c09cd0_0, 10, 22;
L_0x55a6f6c0acb0 .array/port v0x55a6f6c08350, L_0x55a6f6c0ade0;
L_0x55a6f6c0ade0 .concat [ 6 2 0 0], L_0x55a6f6c0ab40, L_0x738a171b7018;
L_0x55a6f6c0af20 .cmp/eeq 1, L_0x55a6f6c0acb0, L_0x738a171b7060;
L_0x55a6f6c0b0a0 .array/port v0x55a6f6c081b0, L_0x55a6f6c0b140;
L_0x55a6f6c0b140 .concat [ 6 2 0 0], L_0x55a6f6c0ab40, L_0x738a171b70a8;
L_0x55a6f6c0b2d0 .cmp/eq 22, L_0x55a6f6c0b0a0, L_0x55a6f6c0abe0;
L_0x55a6f6c0b4b0 .array/port v0x55a6f6c03460, L_0x55a6f6c0b5b0;
L_0x55a6f6c0b5b0 .concat [ 6 2 0 0], L_0x55a6f6c0ab40, L_0x738a171b70f0;
L_0x55a6f6c0b760 .cmp/eq 3, v0x55a6f6c07ff0_0, L_0x738a171b7138;
L_0x55a6f6c0b8c0 .cmp/eeq 1, v0x55a6f6c0a550_0, L_0x738a171b7180;
L_0x55a6f6c0bb10 .functor MUXZ 128, L_0x55a6f6c0b650, v0x55a6f6c0a3b0_0, L_0x55a6f6c0ba00, C4<>;
L_0x55a6f6c0bd20 .part L_0x55a6f6c0aa70, 2, 2;
L_0x55a6f6c0be10 .cmp/eq 2, L_0x55a6f6c0bd20, L_0x738a171b71c8;
L_0x55a6f6c0bfe0 .part L_0x55a6f6c0b650, 32, 96;
L_0x55a6f6c0c080 .concat [ 32 96 0 0], v0x55a6f6c09d70_0, L_0x55a6f6c0bfe0;
L_0x55a6f6c0c260 .part L_0x55a6f6c0aa70, 2, 2;
L_0x55a6f6c0c300 .cmp/eq 2, L_0x55a6f6c0c260, L_0x738a171b7210;
L_0x55a6f6c0c1c0 .part L_0x55a6f6c0b650, 64, 64;
L_0x55a6f6c0c4f0 .part L_0x55a6f6c0b650, 0, 32;
L_0x55a6f6c0c650 .concat [ 32 32 64 0], L_0x55a6f6c0c4f0, v0x55a6f6c09d70_0, L_0x55a6f6c0c1c0;
L_0x55a6f6c0c770 .part L_0x55a6f6c0aa70, 2, 2;
L_0x55a6f6c0ca00 .cmp/eq 2, L_0x55a6f6c0c770, L_0x738a171b7258;
L_0x55a6f6c0cad0 .part L_0x55a6f6c0b650, 96, 32;
L_0x55a6f6c0cc50 .part L_0x55a6f6c0b650, 0, 64;
L_0x55a6f6c0ccf0 .concat [ 64 32 32 0], L_0x55a6f6c0cc50, v0x55a6f6c09d70_0, L_0x55a6f6c0cad0;
L_0x55a6f6c0cfc0 .part L_0x55a6f6c0b650, 0, 96;
L_0x55a6f6c0d170 .concat [ 96 32 0 0], L_0x55a6f6c0cfc0, v0x55a6f6c09d70_0;
L_0x55a6f6c0d360 .functor MUXZ 128, L_0x55a6f6c0d170, L_0x55a6f6c0ccf0, L_0x55a6f6c0ca00, C4<>;
L_0x55a6f6c0d4f0 .functor MUXZ 128, L_0x55a6f6c0d360, L_0x55a6f6c0c650, L_0x55a6f6c0c300, C4<>;
L_0x55a6f6c0d790 .functor MUXZ 128, L_0x55a6f6c0d4f0, L_0x55a6f6c0c080, L_0x55a6f6c0be10, C4<>;
L_0x55a6f6c0d920 .part v0x55a6f6c09cd0_0, 4, 28;
L_0x55a6f6c0dae0 .concat [ 4 28 0 0], L_0x738a171b72a0, L_0x55a6f6c0d920;
L_0x55a6f6c0dd10 .cmp/eq 3, v0x55a6f6c07ff0_0, L_0x738a171b72e8;
L_0x55a6f6c0df80 .cmp/eq 3, v0x55a6f6c07ff0_0, L_0x738a171b7330;
L_0x55a6f6c0e1d0 .cmp/eq 3, v0x55a6f6c07ff0_0, L_0x738a171b7378;
L_0x55a6f6c0de50 .cmp/eq 3, v0x55a6f6c07ff0_0, L_0x738a171b73c0;
L_0x55a6f6c0e510 .reduce/nor v0x55a6f6c0a0d0_0;
L_0x55a6f6c0e860 .cmp/eq 3, v0x55a6f6c07ff0_0, L_0x738a171b7408;
L_0x55a6f6c0e950 .cmp/eeq 1, v0x55a6f6c0a550_0, L_0x738a171b7450;
L_0x55a6f6c0ee10 .cmp/eq 3, v0x55a6f6c07ff0_0, L_0x738a171b7498;
L_0x55a6f6c0ef00 .cmp/eeq 1, v0x55a6f6c0a550_0, L_0x738a171b74e0;
L_0x55a6f6c0f390 .part L_0x55a6f6c0bb10, 0, 32;
L_0x55a6f6c0f480 .part L_0x55a6f6c0bb10, 32, 32;
L_0x55a6f6c0f6a0 .part L_0x55a6f6c0bb10, 64, 32;
L_0x55a6f6c0f7d0 .part L_0x55a6f6c0bb10, 96, 32;
L_0x55a6f6c0fa00 .part L_0x55a6f6c0aa70, 2, 2;
L_0x55a6f6c0faa0 .cmp/eq 2, L_0x55a6f6c0fa00, L_0x738a171b7528;
L_0x55a6f6c0fd30 .part L_0x55a6f6c0aa70, 2, 2;
L_0x55a6f6c0fdd0 .cmp/eq 2, L_0x55a6f6c0fd30, L_0x738a171b7570;
L_0x55a6f6c100c0 .part L_0x55a6f6c0aa70, 2, 2;
L_0x55a6f6c10160 .cmp/eq 2, L_0x55a6f6c100c0, L_0x738a171b75b8;
L_0x55a6f6c10460 .functor MUXZ 32, L_0x55a6f6c0f7d0, L_0x55a6f6c0f6a0, L_0x55a6f6c10160, C4<>;
L_0x55a6f6c105f0 .functor MUXZ 32, L_0x55a6f6c10460, L_0x55a6f6c0f480, L_0x55a6f6c0fdd0, C4<>;
L_0x55a6f6c10950 .functor MUXZ 32, L_0x55a6f6c105f0, L_0x55a6f6c0f390, L_0x55a6f6c0faa0, C4<>;
S_0x55a6f6c08930 .scope task, "cpu_read_req" "cpu_read_req" 3 111, 3 111 0, S_0x55a6f6bd9150;
 .timescale 0 0;
v0x55a6f6c08ac0_0 .var "addr", 31 0;
v0x55a6f6c08ba0_0 .var/i "iter_offset", 31 0;
TD_tb.cpu_read_req ;
    %pushi/vec4 2, 0, 2;
    %split/vec4 1;
    %assign/vec4 v0x55a6f6c0a0d0_0, 0;
    %assign/vec4 v0x55a6f6c0a000_0, 0;
    %load/vec4 v0x55a6f6c08ac0_0;
    %assign/vec4 v0x55a6f6c09cd0_0, 0;
    %delay 2, 0;
T_0.0 ;
    %load/vec4 v0x55a6f6c09f10_0;
    %nor/r;
    %flag_set/vec4 8;
    %jmp/0xz T_0.1, 8;
    %delay 2, 0;
    %jmp T_0.0;
T_0.1 ;
    %pushi/vec4 0, 0, 2;
    %split/vec4 1;
    %assign/vec4 v0x55a6f6c0a0d0_0, 0;
    %assign/vec4 v0x55a6f6c0a000_0, 0;
    %load/vec4 v0x55a6f6c09f10_0;
    %store/vec4 v0x55a6f6c095b0_0, 0, 1;
    %load/vec4 v0x55a6f6c09e40_0;
    %store/vec4 v0x55a6f6c094f0_0, 0, 32;
    %load/vec4 v0x55a6f6c08ac0_0;
    %ix/load 5, 4, 0;
    %flag_set/imm 4, 0;
    %shiftr 5;
    %ix/vec4 4;
    %load/vec4a v0x55a6f6c0a620, 4;
    %load/vec4 v0x55a6f6c08ac0_0;
    %parti/s 4, 0, 2;
    %pad/u 32;
    %muli 8, 0, 32;
    %addi 31, 0, 32;
    %pad/u 34;
    %subi 31, 0, 34;
    %part/s 32;
    %store/vec4 v0x55a6f6c09330_0, 0, 32;
    %vpi_func/s 3 120 "$sformatf", "Read Request @[%x]", v0x55a6f6c09cd0_0 {0 0 0};
    %store/str v0x55a6f6c09430_0;
    %fork TD_tb.eval32, S_0x55a6f6c09100;
    %join;
    %pushi/vec4 0, 0, 32;
    %store/vec4 v0x55a6f6c08ba0_0, 0, 32;
T_0.2 ; Top of for-loop
    %load/vec4 v0x55a6f6c08ba0_0;
    %cmpi/s 16, 0, 32;
	  %jmp/0xz T_0.3, 5;
    %delay 2, 0;
    %pushi/vec4 2, 0, 2;
    %split/vec4 1;
    %assign/vec4 v0x55a6f6c0a0d0_0, 0;
    %assign/vec4 v0x55a6f6c0a000_0, 0;
    %load/vec4 v0x55a6f6c08ac0_0;
    %inv;
    %pushi/vec4 15, 0, 32;
    %or;
    %inv;
    %load/vec4 v0x55a6f6c08ba0_0;
    %add;
    %assign/vec4 v0x55a6f6c09cd0_0, 0;
    %delay 2, 0;
    %pushi/vec4 0, 0, 2;
    %split/vec4 1;
    %assign/vec4 v0x55a6f6c0a0d0_0, 0;
    %assign/vec4 v0x55a6f6c0a000_0, 0;
    %load/vec4 v0x55a6f6c09f10_0;
    %store/vec4 v0x55a6f6c095b0_0, 0, 1;
    %load/vec4 v0x55a6f6c09e40_0;
    %store/vec4 v0x55a6f6c094f0_0, 0, 32;
    %load/vec4 v0x55a6f6c08ac0_0;
    %ix/load 5, 4, 0;
    %flag_set/imm 4, 0;
    %shiftr 5;
    %ix/vec4 4;
    %load/vec4a v0x55a6f6c0a620, 4;
    %load/vec4 v0x55a6f6c08ba0_0;
    %muli 8, 0, 32;
    %addi 31, 0, 32;
    %pad/s 33;
    %subi 31, 0, 33;
    %part/s 32;
    %store/vec4 v0x55a6f6c09330_0, 0, 32;
    %vpi_func/s 3 128 "$sformatf", "Read Request @[%x]", v0x55a6f6c09cd0_0 {0 0 0};
    %store/str v0x55a6f6c09430_0;
    %fork TD_tb.eval32, S_0x55a6f6c09100;
    %join;
T_0.4 ; for-loop step statement
    ; show_stmt_assign_vector: Get l-value for compressed += operand
    %load/vec4 v0x55a6f6c08ba0_0;
    %pushi/vec4 4, 0, 32;
    %add;
    %store/vec4 v0x55a6f6c08ba0_0, 0, 32;
    %jmp T_0.2;
T_0.3 ; for-loop exit label
    %delay 2, 0;
    %end;
S_0x55a6f6c08c80 .scope task, "cpu_write_req" "cpu_write_req" 3 135, 3 135 0, S_0x55a6f6bd9150;
 .timescale 0 0;
v0x55a6f6c08e60_0 .var "addr", 31 0;
v0x55a6f6c08f60_0 .var/i "iter_offset", 31 0;
v0x55a6f6c09040_0 .var "new_data", 31 0;
TD_tb.cpu_write_req ;
    %pushi/vec4 1, 0, 2;
    %split/vec4 1;
    %assign/vec4 v0x55a6f6c0a0d0_0, 0;
    %assign/vec4 v0x55a6f6c0a000_0, 0;
    %load/vec4 v0x55a6f6c08e60_0;
    %assign/vec4 v0x55a6f6c09cd0_0, 0;
    %load/vec4 v0x55a6f6c09040_0;
    %assign/vec4 v0x55a6f6c09d70_0, 0;
    %delay 2, 0;
T_1.5 ;
    %load/vec4 v0x55a6f6c09f10_0;
    %nor/r;
    %flag_set/vec4 8;
    %jmp/1 T_1.7, 8;
    %load/vec4 v0x55a6f6c0a550_0;
    %nor/r;
    %flag_set/vec4 9;
    %flag_or 8, 9;
T_1.7;
    %jmp/0xz T_1.6, 8;
    %delay 2, 0;
    %jmp T_1.5;
T_1.6 ;
    %pushi/vec4 0, 0, 2;
    %split/vec4 1;
    %assign/vec4 v0x55a6f6c0a0d0_0, 0;
    %assign/vec4 v0x55a6f6c0a000_0, 0;
    %load/vec4 v0x55a6f6c09f10_0;
    %store/vec4 v0x55a6f6c095b0_0, 0, 1;
    %load/vec4 v0x55a6f6c08e60_0;
    %ix/load 5, 4, 0;
    %flag_set/imm 4, 0;
    %shiftr 5;
    %ix/vec4 4;
    %load/vec4a v0x55a6f6c0a620, 4;
    %load/vec4 v0x55a6f6c08e60_0;
    %parti/s 4, 0, 2;
    %pad/u 32;
    %muli 8, 0, 32;
    %addi 31, 0, 32;
    %pad/u 34;
    %subi 31, 0, 34;
    %part/s 32;
    %store/vec4 v0x55a6f6c094f0_0, 0, 32;
    %load/vec4 v0x55a6f6c09040_0;
    %store/vec4 v0x55a6f6c09330_0, 0, 32;
    %vpi_func/s 3 145 "$sformatf", "Write Request @[%x]=%x", v0x55a6f6c09cd0_0, v0x55a6f6c09040_0 {0 0 0};
    %store/str v0x55a6f6c09430_0;
    %fork TD_tb.eval32, S_0x55a6f6c09100;
    %join;
    %pushi/vec4 0, 0, 32;
    %store/vec4 v0x55a6f6c08f60_0, 0, 32;
T_1.8 ; Top of for-loop
    %load/vec4 v0x55a6f6c08f60_0;
    %cmpi/s 16, 0, 32;
	  %jmp/0xz T_1.9, 5;
    %delay 2, 0;
    %pushi/vec4 2, 0, 2;
    %split/vec4 1;
    %assign/vec4 v0x55a6f6c0a0d0_0, 0;
    %assign/vec4 v0x55a6f6c0a000_0, 0;
    %load/vec4 v0x55a6f6c08e60_0;
    %inv;
    %pushi/vec4 15, 0, 32;
    %or;
    %inv;
    %load/vec4 v0x55a6f6c08f60_0;
    %add;
    %assign/vec4 v0x55a6f6c09cd0_0, 0;
    %delay 2, 0;
    %pushi/vec4 0, 0, 2;
    %split/vec4 1;
    %assign/vec4 v0x55a6f6c0a0d0_0, 0;
    %assign/vec4 v0x55a6f6c0a000_0, 0;
    %load/vec4 v0x55a6f6c09f10_0;
    %store/vec4 v0x55a6f6c095b0_0, 0, 1;
    %load/vec4 v0x55a6f6c09e40_0;
    %store/vec4 v0x55a6f6c094f0_0, 0, 32;
    %load/vec4 v0x55a6f6c08e60_0;
    %ix/load 5, 4, 0;
    %flag_set/imm 4, 0;
    %shiftr 5;
    %ix/vec4 4;
    %load/vec4a v0x55a6f6c0a620, 4;
    %load/vec4 v0x55a6f6c08f60_0;
    %muli 8, 0, 32;
    %addi 31, 0, 32;
    %pad/s 33;
    %subi 31, 0, 33;
    %part/s 32;
    %store/vec4 v0x55a6f6c09330_0, 0, 32;
    %vpi_func/s 3 153 "$sformatf", "Read Request @[%x]", v0x55a6f6c09cd0_0 {0 0 0};
    %store/str v0x55a6f6c09430_0;
    %fork TD_tb.eval32, S_0x55a6f6c09100;
    %join;
T_1.10 ; for-loop step statement
    ; show_stmt_assign_vector: Get l-value for compressed += operand
    %load/vec4 v0x55a6f6c08f60_0;
    %pushi/vec4 4, 0, 32;
    %add;
    %store/vec4 v0x55a6f6c08f60_0, 0, 32;
    %jmp T_1.8;
T_1.9 ; for-loop exit label
    %delay 2, 0;
    %end;
S_0x55a6f6c09100 .scope task, "eval32" "eval32" 3 67, 3 67 0, S_0x55a6f6bd9150;
 .timescale 0 0;
v0x55a6f6c09330_0 .var "expectation", 31 0;
v0x55a6f6c09430_0 .var/str "message";
v0x55a6f6c094f0_0 .var "reality", 31 0;
v0x55a6f6c095b0_0 .var "reality_ready", 0 0;
TD_tb.eval32 ;
    ; show_stmt_assign_vector: Get l-value for compressed += operand
    %load/vec4 v0x55a6f6c0a9d0_0;
    %pushi/vec4 1, 0, 32;
    %add;
    %store/vec4 v0x55a6f6c0a9d0_0, 0, 32;
    %load/vec4 v0x55a6f6c095b0_0;
    %pad/u 32;
    %pushi/vec4 1, 0, 32;
    %cmp/e;
    %flag_get/vec4 6;
    %nor/r;
    %flag_set/vec4 8;
    %jmp/0xz  T_2.11, 8;
    %vpi_call/w 3 72 "$display", "t@", $time, " ", v0x55a6f6c09430_0, " => not ready!" {0 0 0};
    ; show_stmt_assign_vector: Get l-value for compressed += operand
    %load/vec4 v0x55a6f6c0a1a0_0;
    %pushi/vec4 1, 0, 32;
    %add;
    %store/vec4 v0x55a6f6c0a1a0_0, 0, 32;
    %jmp T_2.12;
T_2.11 ;
    %load/vec4 v0x55a6f6c094f0_0;
    %load/vec4 v0x55a6f6c09330_0;
    %cmp/ne;
    %jmp/0xz  T_2.13, 6;
    %vpi_call/w 3 75 "$display", "t@", $time, " ", v0x55a6f6c09430_0, " => Reality: %x | Expectation: %x", v0x55a6f6c094f0_0, v0x55a6f6c09330_0 {0 0 0};
    ; show_stmt_assign_vector: Get l-value for compressed += operand
    %load/vec4 v0x55a6f6c0a1a0_0;
    %pushi/vec4 1, 0, 32;
    %add;
    %store/vec4 v0x55a6f6c0a1a0_0, 0, 32;
T_2.13 ;
T_2.12 ;
    %end;
S_0x55a6f6c09670 .scope task, "fatal" "fatal" 3 82, 3 82 0, S_0x55a6f6bd9150;
 .timescale 0 0;
v0x55a6f6c09850_0 .var/str "msg";
TD_tb.fatal ;
    %vpi_call/w 3 84 "$display", "t@", $time, " ", "FATAL : ", v0x55a6f6c09850_0 {0 0 0};
    %vpi_call/w 3 85 "$finish", 32'sb00000000000000000000000000000000 {0 0 0};
    %end;
S_0x55a6f6c09930 .scope task, "rand_wait" "rand_wait" 3 12, 3 12 0, S_0x55a6f6bd9150;
 .timescale 0 0;
v0x55a6f6c09b10_0 .var "wait_time", 9 0;
TD_tb.rand_wait ;
    %vpi_func 3 15 "$random" 32 {0 0 0};
    %pad/s 10;
    %store/vec4 v0x55a6f6c09b10_0, 0, 10;
    %delay 2, 0;
    %load/vec4 v0x55a6f6c09b10_0;
    %pad/u 32;
    %muli 2, 0, 32;
    %pad/u 64;
    %muli 1, 0, 64;
    %ix/vec4 4;
    %delayx 4;
    %end;
    .scope S_0x55a6f6c02640;
T_5 ;
    %pushi/vec4 0, 0, 32;
    %store/vec4 v0x55a6f6c07d50_0, 0, 32;
T_5.0 ; Top of for-loop
    %load/vec4 v0x55a6f6c07d50_0;
    %cmpi/s 64, 0, 32;
	  %jmp/0xz T_5.1, 5;
    %pushi/vec4 0, 0, 1;
    %ix/getv/s 4, v0x55a6f6c07d50_0;
    %store/vec4a v0x55a6f6c08350, 4, 0;
    %pushi/vec4 0, 0, 22;
    %ix/getv/s 4, v0x55a6f6c07d50_0;
    %store/vec4a v0x55a6f6c081b0, 4, 0;
    %pushi/vec4 0, 0, 128;
    %ix/getv/s 4, v0x55a6f6c07d50_0;
    %store/vec4a v0x55a6f6c03460, 4, 0;
T_5.2 ; for-loop step statement
    %load/vec4 v0x55a6f6c07d50_0;
    %addi 1, 0, 32;
    %store/vec4 v0x55a6f6c07d50_0, 0, 32;
    %jmp T_5.0;
T_5.1 ; for-loop exit label
    %end;
    .thread T_5;
    .scope S_0x55a6f6c02640;
T_6 ;
    %wait E_0x55a6f6bac9a0;
    %load/vec4 v0x55a6f6c03a00_0;
    %cmpi/e 1, 0, 1;
    %jmp/0xz  T_6.0, 6;
    %pushi/vec4 0, 0, 3;
    %assign/vec4 v0x55a6f6c07ff0_0, 0;
    %jmp T_6.1;
T_6.0 ;
    %load/vec4 v0x55a6f6c07ff0_0;
    %dup/vec4;
    %pushi/vec4 0, 0, 3;
    %cmp/u;
    %jmp/1 T_6.2, 6;
    %dup/vec4;
    %pushi/vec4 1, 0, 3;
    %cmp/u;
    %jmp/1 T_6.3, 6;
    %dup/vec4;
    %pushi/vec4 2, 0, 3;
    %cmp/u;
    %jmp/1 T_6.4, 6;
    %dup/vec4;
    %pushi/vec4 3, 0, 3;
    %cmp/u;
    %jmp/1 T_6.5, 6;
    %dup/vec4;
    %pushi/vec4 4, 0, 3;
    %cmp/u;
    %jmp/1 T_6.6, 6;
    %dup/vec4;
    %pushi/vec4 5, 0, 3;
    %cmp/u;
    %jmp/1 T_6.7, 6;
    %dup/vec4;
    %pushi/vec4 6, 0, 3;
    %cmp/u;
    %jmp/1 T_6.8, 6;
    %pushi/vec4 0, 0, 3;
    %assign/vec4 v0x55a6f6c07ff0_0, 0;
    %jmp T_6.10;
T_6.2 ;
    %load/vec4 v0x55a6f6c031d0_0;
    %cmpi/e 1, 0, 1;
    %flag_get/vec4 6;
    %jmp/0 T_6.13, 6;
    %load/vec4 v0x55a6f6c07bb0_0;
    %nor/r;
    %and;
T_6.13;
    %flag_set/vec4 8;
    %jmp/0xz  T_6.11, 8;
    %pushi/vec4 1, 0, 3;
    %assign/vec4 v0x55a6f6c07ff0_0, 0;
    %jmp T_6.12;
T_6.11 ;
    %load/vec4 v0x55a6f6c032e0_0;
    %cmpi/e 1, 0, 1;
    %jmp/0xz  T_6.14, 6;
    %load/vec4 v0x55a6f6c07bb0_0;
    %flag_set/vec4 8;
    %jmp/0xz  T_6.16, 8;
    %pushi/vec4 5, 0, 3;
    %assign/vec4 v0x55a6f6c07ff0_0, 0;
    %jmp T_6.17;
T_6.16 ;
    %pushi/vec4 3, 0, 3;
    %assign/vec4 v0x55a6f6c07ff0_0, 0;
T_6.17 ;
T_6.14 ;
T_6.12 ;
    %jmp T_6.10;
T_6.3 ;
    %pushi/vec4 2, 0, 3;
    %assign/vec4 v0x55a6f6c07ff0_0, 0;
    %jmp T_6.10;
T_6.4 ;
    %load/vec4 v0x55a6f6c037c0_0;
    %cmpi/e 1, 0, 1;
    %jmp/0xz  T_6.18, 6;
    %pushi/vec4 1, 0, 1;
    %load/vec4 v0x55a6f6c07e30_0;
    %pad/u 8;
    %ix/vec4 3;
    %ix/load 4, 0, 0; Constant delay
    %assign/vec4/a/d v0x55a6f6c08350, 0, 4;
    %load/vec4 v0x55a6f6c080d0_0;
    %load/vec4 v0x55a6f6c07e30_0;
    %pad/u 8;
    %ix/vec4 3;
    %ix/load 4, 0, 0; Constant delay
    %assign/vec4/a/d v0x55a6f6c081b0, 0, 4;
    %load/vec4 v0x55a6f6c03600_0;
    %load/vec4 v0x55a6f6c07e30_0;
    %pad/u 8;
    %ix/vec4 3;
    %ix/load 4, 0, 0; Constant delay
    %assign/vec4/a/d v0x55a6f6c03460, 0, 4;
    %pushi/vec4 0, 0, 3;
    %assign/vec4 v0x55a6f6c07ff0_0, 0;
T_6.18 ;
    %jmp T_6.10;
T_6.5 ;
    %pushi/vec4 4, 0, 3;
    %assign/vec4 v0x55a6f6c07ff0_0, 0;
    %jmp T_6.10;
T_6.6 ;
    %load/vec4 v0x55a6f6c037c0_0;
    %cmpi/e 1, 0, 1;
    %jmp/0xz  T_6.20, 6;
    %pushi/vec4 1, 0, 1;
    %load/vec4 v0x55a6f6c07e30_0;
    %pad/u 8;
    %ix/vec4 3;
    %ix/load 4, 0, 0; Constant delay
    %assign/vec4/a/d v0x55a6f6c08350, 0, 4;
    %load/vec4 v0x55a6f6c080d0_0;
    %load/vec4 v0x55a6f6c07e30_0;
    %pad/u 8;
    %ix/vec4 3;
    %ix/load 4, 0, 0; Constant delay
    %assign/vec4/a/d v0x55a6f6c081b0, 0, 4;
    %load/vec4 v0x55a6f6c03600_0;
    %load/vec4 v0x55a6f6c07e30_0;
    %pad/u 8;
    %ix/vec4 3;
    %ix/load 4, 0, 0; Constant delay
    %assign/vec4/a/d v0x55a6f6c03460, 0, 4;
    %pushi/vec4 5, 0, 3;
    %assign/vec4 v0x55a6f6c07ff0_0, 0;
T_6.20 ;
    %jmp T_6.10;
T_6.7 ;
    %pushi/vec4 6, 0, 3;
    %assign/vec4 v0x55a6f6c07ff0_0, 0;
    %jmp T_6.10;
T_6.8 ;
    %load/vec4 v0x55a6f6c037c0_0;
    %cmpi/e 1, 0, 1;
    %jmp/0xz  T_6.22, 6;
    %load/vec4 v0x55a6f6c08270_0;
    %load/vec4 v0x55a6f6c07e30_0;
    %pad/u 8;
    %ix/vec4 3;
    %ix/load 4, 0, 0; Constant delay
    %assign/vec4/a/d v0x55a6f6c03460, 0, 4;
    %pushi/vec4 0, 0, 3;
    %assign/vec4 v0x55a6f6c07ff0_0, 0;
T_6.22 ;
    %jmp T_6.10;
T_6.10 ;
    %pop/vec4 1;
T_6.1 ;
    %jmp T_6;
    .thread T_6;
    .scope S_0x55a6f6bd9150;
T_7 ;
    %pushi/vec4 0, 0, 1;
    %store/vec4 v0x55a6f6c09c10_0, 0, 1;
T_7.0 ;
    %delay 1, 0;
    %load/vec4 v0x55a6f6c09c10_0;
    %inv;
    %store/vec4 v0x55a6f6c09c10_0, 0, 1;
    %jmp T_7.0;
T_7.1 ;
    %end;
    .thread T_7;
    .scope S_0x55a6f6bd9150;
T_8 ;
    %pushi/vec4 1, 0, 1;
    %store/vec4 v0x55a6f6c0a900_0, 0, 1;
    %delay 4, 0;
    %pushi/vec4 0, 0, 1;
    %store/vec4 v0x55a6f6c0a900_0, 0, 1;
    %end;
    .thread T_8;
    .scope S_0x55a6f6bd9150;
T_9 ;
    %pushi/vec4 0, 0, 1;
    %store/vec4 v0x55a6f6c0a550_0, 0, 1;
    %pushi/vec4 0, 0, 1;
    %store/vec4 v0x55a6f6c0a0d0_0, 0, 1;
    %pushi/vec4 0, 0, 1;
    %store/vec4 v0x55a6f6c0a000_0, 0, 1;
    %pushi/vec4 0, 0, 32;
    %store/vec4 v0x55a6f6c09d70_0, 0, 32;
    %pushi/vec4 0, 0, 32;
    %store/vec4 v0x55a6f6c09cd0_0, 0, 32;
    %pushi/vec4 0, 0, 128;
    %store/vec4 v0x55a6f6c0a3b0_0, 0, 128;
    %end;
    .thread T_9;
    .scope S_0x55a6f6bd9150;
T_10 ;
    %fork t_1, S_0x55a6f6bd2060;
    %jmp t_0;
    .scope S_0x55a6f6bd2060;
t_1 ;
    %pushi/vec4 0, 0, 32;
    %store/vec4 v0x55a6f6bb2740_0, 0, 32;
T_10.0 ; Top of for-loop
    %load/vec4 v0x55a6f6bb2740_0;
    %cmpi/s 1023, 0, 32;
    %flag_or 5, 4;
	  %jmp/0xz T_10.1, 5;
    %vpi_func 3 63 "$random" 32 {0 0 0};
    %vpi_func 3 63 "$random" 32 {0 0 0};
    %concat/vec4; draw_concat_vec4
    %vpi_func 3 63 "$random" 32 {0 0 0};
    %concat/vec4; draw_concat_vec4
    %vpi_func 3 63 "$random" 32 {0 0 0};
    %concat/vec4; draw_concat_vec4
    %ix/getv/s 4, v0x55a6f6bb2740_0;
    %store/vec4a v0x55a6f6c0a620, 4, 0;
T_10.2 ; for-loop step statement
    ; show_stmt_assign_vector: Get l-value for compressed += operand
    %load/vec4 v0x55a6f6bb2740_0;
    %pushi/vec4 1, 0, 32;
    %add;
    %cast2;
    %store/vec4 v0x55a6f6bb2740_0, 0, 32;
    %jmp T_10.0;
T_10.1 ; for-loop exit label
    %end;
    .scope S_0x55a6f6bd9150;
t_0 %join;
    %end;
    .thread T_10;
    .scope S_0x55a6f6bd9150;
T_11 ;
    %pushi/vec4 0, 0, 64;
    %split/vec4 32;
    %store/vec4 v0x55a6f6c0a1a0_0, 0, 32;
    %store/vec4 v0x55a6f6c0a9d0_0, 0, 32;
    %end;
    .thread T_11;
    .scope S_0x55a6f6bd9150;
T_12 ;
    %wait E_0x55a6f6bac2b0;
    %load/vec4 v0x55a6f6c0a6c0_0;
    %flag_set/vec4 9;
    %flag_get/vec4 9;
    %jmp/0 T_12.2, 9;
    %load/vec4 v0x55a6f6c0a790_0;
    %and;
T_12.2;
    %flag_set/vec4 8;
    %jmp/0xz  T_12.0, 8;
    %pushi/str "mm_read&mm_write at the same time";
    %store/str v0x55a6f6c09850_0;
    %fork TD_tb.fatal, S_0x55a6f6c09670;
    %join;
T_12.0 ;
    %load/vec4 v0x55a6f6c0a790_0;
    %flag_set/vec4 8;
    %jmp/1 T_12.5, 8;
    %load/vec4 v0x55a6f6c0a6c0_0;
    %flag_set/vec4 9;
    %flag_or 8, 9;
T_12.5;
    %jmp/0xz  T_12.3, 8;
    %load/vec4 v0x55a6f6c0a2e0_0;
    %parti/s 4, 0, 2;
    %pad/u 32;
    %cmpi/ne 0, 0, 32;
    %jmp/0xz  T_12.6, 6;
    %pushi/str "unaligned mm request.\012    hint: mm_addr[3:0] == 0";
    %store/str v0x55a6f6c09850_0;
    %fork TD_tb.fatal, S_0x55a6f6c09670;
    %join;
T_12.6 ;
T_12.3 ;
    %load/vec4 v0x55a6f6c0a6c0_0;
    %flag_set/vec4 8;
    %jmp/0xz  T_12.8, 8;
    %pushi/vec4 0, 0, 1;
    %assign/vec4 v0x55a6f6c0a550_0, 0;
    %fork TD_tb.rand_wait, S_0x55a6f6c09930;
    %join;
    %pushi/vec4 1, 0, 1;
    %assign/vec4 v0x55a6f6c0a550_0, 0;
    %load/vec4 v0x55a6f6c0a2e0_0;
    %ix/load 5, 4, 0;
    %flag_set/imm 4, 0;
    %shiftr 5;
    %ix/vec4 4;
    %load/vec4a v0x55a6f6c0a620, 4;
    %assign/vec4 v0x55a6f6c0a3b0_0, 0;
    %delay 2, 0;
    %jmp T_12.9;
T_12.8 ;
    %load/vec4 v0x55a6f6c0a790_0;
    %flag_set/vec4 8;
    %jmp/0xz  T_12.10, 8;
    %pushi/vec4 0, 0, 1;
    %assign/vec4 v0x55a6f6c0a550_0, 0;
    %fork TD_tb.rand_wait, S_0x55a6f6c09930;
    %join;
    %pushi/vec4 1, 0, 1;
    %assign/vec4 v0x55a6f6c0a550_0, 0;
    %load/vec4 v0x55a6f6c0a480_0;
    %load/vec4 v0x55a6f6c0a2e0_0;
    %ix/load 4, 4, 0;
    %flag_set/imm 4, 0;
    %shiftr 4;
    %ix/vec4 3;
    %ix/load 4, 0, 0; Constant delay
    %assign/vec4/a/d v0x55a6f6c0a620, 0, 4;
    %delay 2, 0;
T_12.10 ;
T_12.9 ;
    %jmp T_12;
    .thread T_12;
    .scope S_0x55a6f6bd9150;
T_13 ;
    %delay 11, 0;
    %pushi/vec4 0, 0, 32;
    %store/vec4 v0x55a6f6c0a240_0, 0, 32;
T_13.0 ; Top of for-loop
    %load/vec4 v0x55a6f6c0a240_0;
    %cmpi/s 100, 0, 32;
	  %jmp/0xz T_13.1, 5;
    %vpi_func 3 165 "$random" 32 {0 0 0};
    %muli 4, 0, 32;
    %pushi/vec4 16383, 0, 32;
    %and;
    %store/vec4 v0x55a6f6c0a860_0, 0, 32;
    %vpi_func 3 166 "$random" 32 {0 0 0};
    %pushi/vec4 1, 0, 32;
    %and;
    %cmpi/e 0, 0, 32;
    %jmp/0xz  T_13.3, 4;
    %load/vec4 v0x55a6f6c0a860_0;
    %store/vec4 v0x55a6f6c08ac0_0, 0, 32;
    %fork TD_tb.cpu_read_req, S_0x55a6f6c08930;
    %join;
    %jmp T_13.4;
T_13.3 ;
    %load/vec4 v0x55a6f6c0a860_0;
    %store/vec4 v0x55a6f6c08e60_0, 0, 32;
    %vpi_func 3 167 "$random" 32 {0 0 0};
    %store/vec4 v0x55a6f6c09040_0, 0, 32;
    %fork TD_tb.cpu_write_req, S_0x55a6f6c08c80;
    %join;
T_13.4 ;
T_13.2 ; for-loop step statement
    ; show_stmt_assign_vector: Get l-value for compressed += operand
    %load/vec4 v0x55a6f6c0a240_0;
    %pushi/vec4 1, 0, 32;
    %add;
    %store/vec4 v0x55a6f6c0a240_0, 0, 32;
    %jmp T_13.0;
T_13.1 ; for-loop exit label
    %load/vec4 v0x55a6f6c0a1a0_0;
    %cmpi/e 0, 0, 32;
    %jmp/0xz  T_13.5, 6;
    %vpi_call/w 3 171 "$display", "ACCEPTED" {0 0 0};
    %jmp T_13.6;
T_13.5 ;
    %vpi_call/w 3 173 "$display", "FAILED" {0 0 0};
T_13.6 ;
    %load/vec4 v0x55a6f6c0a9d0_0;
    %load/vec4 v0x55a6f6c0a1a0_0;
    %sub;
    %vpi_call/w 3 175 "$display", S<0,vec4,s32>, " / ", v0x55a6f6c0a9d0_0 {1 0 0};
    %vpi_call/w 3 177 "$finish" {0 0 0};
    %end;
    .thread T_13;
# The file index is used to find the file name in the following table.
:file_names 5;
    "N/A";
    "<interactive>";
    "-";
    "HW6/cache-tb.v";
    "../6/HW6-Q1-403106681.v";
